Archive member included to satisfy reference by file (symbol)

c:/st/stm32cubeide_1.7.0/stm32cubeide/plugins/com.st.stm32cube.ide.mcu.externaltools.gnu-tools-for-stm32.9-2020-q2-update.win32_2.0.0.202105311346/tools/bin/../lib/gcc/arm-none-eabi/9.3.1/../../../../arm-none-eabi/lib/thumb/v7e-m+fp/hard\libc_nano.a(lib_a-errno.o)
                              ./Core/Src/syscalls.o (__errno)
c:/st/stm32cubeide_1.7.0/stm32cubeide/plugins/com.st.stm32cube.ide.mcu.externaltools.gnu-tools-for-stm32.9-2020-q2-update.win32_2.0.0.202105311346/tools/bin/../lib/gcc/arm-none-eabi/9.3.1/../../../../arm-none-eabi/lib/thumb/v7e-m+fp/hard\libc_nano.a(lib_a-exit.o)
                              c:/st/stm32cubeide_1.7.0/stm32cubeide/plugins/com.st.stm32cube.ide.mcu.externaltools.gnu-tools-for-stm32.9-2020-q2-update.win32_2.0.0.202105311346/tools/bin/../lib/gcc/arm-none-eabi/9.3.1/../../../../arm-none-eabi/lib/thumb/v7e-m+fp/hard/crt0.o (exit)
c:/st/stm32cubeide_1.7.0/stm32cubeide/plugins/com.st.stm32cube.ide.mcu.externaltools.gnu-tools-for-stm32.9-2020-q2-update.win32_2.0.0.202105311346/tools/bin/../lib/gcc/arm-none-eabi/9.3.1/../../../../arm-none-eabi/lib/thumb/v7e-m+fp/hard\libc_nano.a(lib_a-impure.o)
                              c:/st/stm32cubeide_1.7.0/stm32cubeide/plugins/com.st.stm32cube.ide.mcu.externaltools.gnu-tools-for-stm32.9-2020-q2-update.win32_2.0.0.202105311346/tools/bin/../lib/gcc/arm-none-eabi/9.3.1/../../../../arm-none-eabi/lib/thumb/v7e-m+fp/hard\libc_nano.a(lib_a-exit.o) (_global_impure_ptr)
c:/st/stm32cubeide_1.7.0/stm32cubeide/plugins/com.st.stm32cube.ide.mcu.externaltools.gnu-tools-for-stm32.9-2020-q2-update.win32_2.0.0.202105311346/tools/bin/../lib/gcc/arm-none-eabi/9.3.1/../../../../arm-none-eabi/lib/thumb/v7e-m+fp/hard\libc_nano.a(lib_a-init.o)
                              c:/st/stm32cubeide_1.7.0/stm32cubeide/plugins/com.st.stm32cube.ide.mcu.externaltools.gnu-tools-for-stm32.9-2020-q2-update.win32_2.0.0.202105311346/tools/bin/../lib/gcc/arm-none-eabi/9.3.1/../../../../arm-none-eabi/lib/thumb/v7e-m+fp/hard/crt0.o (__libc_init_array)
c:/st/stm32cubeide_1.7.0/stm32cubeide/plugins/com.st.stm32cube.ide.mcu.externaltools.gnu-tools-for-stm32.9-2020-q2-update.win32_2.0.0.202105311346/tools/bin/../lib/gcc/arm-none-eabi/9.3.1/../../../../arm-none-eabi/lib/thumb/v7e-m+fp/hard\libc_nano.a(lib_a-memset.o)
                              c:/st/stm32cubeide_1.7.0/stm32cubeide/plugins/com.st.stm32cube.ide.mcu.externaltools.gnu-tools-for-stm32.9-2020-q2-update.win32_2.0.0.202105311346/tools/bin/../lib/gcc/arm-none-eabi/9.3.1/../../../../arm-none-eabi/lib/thumb/v7e-m+fp/hard/crt0.o (memset)
c:/st/stm32cubeide_1.7.0/stm32cubeide/plugins/com.st.stm32cube.ide.mcu.externaltools.gnu-tools-for-stm32.9-2020-q2-update.win32_2.0.0.202105311346/tools/bin/../lib/gcc/arm-none-eabi/9.3.1/thumb/v7e-m+fp/hard\libgcc.a(_aeabi_uldivmod.o)
                              ./Drivers/STM32F4xx_HAL_Driver/Src/stm32f4xx_hal_rcc.o (__aeabi_uldivmod)
c:/st/stm32cubeide_1.7.0/stm32cubeide/plugins/com.st.stm32cube.ide.mcu.externaltools.gnu-tools-for-stm32.9-2020-q2-update.win32_2.0.0.202105311346/tools/bin/../lib/gcc/arm-none-eabi/9.3.1/thumb/v7e-m+fp/hard\libgcc.a(_udivmoddi4.o)
                              c:/st/stm32cubeide_1.7.0/stm32cubeide/plugins/com.st.stm32cube.ide.mcu.externaltools.gnu-tools-for-stm32.9-2020-q2-update.win32_2.0.0.202105311346/tools/bin/../lib/gcc/arm-none-eabi/9.3.1/thumb/v7e-m+fp/hard\libgcc.a(_aeabi_uldivmod.o) (__udivmoddi4)
c:/st/stm32cubeide_1.7.0/stm32cubeide/plugins/com.st.stm32cube.ide.mcu.externaltools.gnu-tools-for-stm32.9-2020-q2-update.win32_2.0.0.202105311346/tools/bin/../lib/gcc/arm-none-eabi/9.3.1/thumb/v7e-m+fp/hard\libgcc.a(_dvmd_tls.o)
                              c:/st/stm32cubeide_1.7.0/stm32cubeide/plugins/com.st.stm32cube.ide.mcu.externaltools.gnu-tools-for-stm32.9-2020-q2-update.win32_2.0.0.202105311346/tools/bin/../lib/gcc/arm-none-eabi/9.3.1/thumb/v7e-m+fp/hard\libgcc.a(_aeabi_uldivmod.o) (__aeabi_ldiv0)

Allocating common symbols
Common symbol       size              file

hi2c2               0x54              ./Core/Src/main.o
hdma_dcmi           0x60              ./Core/Src/main.o
p_lcdData           0x4               ./Core/Src/main.o
uwTick              0x4               ./Drivers/STM32F4xx_HAL_Driver/Src/stm32f4xx_hal.o
pFlash              0x20              ./Drivers/STM32F4xx_HAL_Driver/Src/stm32f4xx_hal_flash.o
hsram1              0x50              ./Core/Src/main.o
hdcmi               0x40              ./Core/Src/main.o
htim6               0x48              ./Core/Src/stm32f4xx_hal_timebase_tim.o

Discarded input sections

 .text          0x0000000000000000        0x0 c:/st/stm32cubeide_1.7.0/stm32cubeide/plugins/com.st.stm32cube.ide.mcu.externaltools.gnu-tools-for-stm32.9-2020-q2-update.win32_2.0.0.202105311346/tools/bin/../lib/gcc/arm-none-eabi/9.3.1/thumb/v7e-m+fp/hard/crti.o
[...]
Memory Configuration

Name             Origin             Length             Attributes
CCMRAM           0x0000000010000000 0x0000000000010000 xrw
RAM              0x0000000020000000 0x0000000000020000 xrw
FLASH            0x0000000008000000 0x0000000000100000 xr
*default*        0x0000000000000000 0xffffffffffffffff

Linker script and memory map

LOAD c:/st/stm32cubeide_1.7.0/stm32cubeide/plugins/com.st.stm32cube.ide.mcu.externaltools.gnu-tools-for-stm32.9-2020-q2-update.win32_2.0.0.202105311346/tools/bin/../lib/gcc/arm-none-eabi/9.3.1/thumb/v7e-m+fp/hard/crti.o
LOAD c:/st/stm32cubeide_1.7.0/stm32cubeide/plugins/com.st.stm32cube.ide.mcu.externaltools.gnu-tools-for-stm32.9-2020-q2-update.win32_2.0.0.202105311346/tools/bin/../lib/gcc/arm-none-eabi/9.3.1/thumb/v7e-m+fp/hard/crtbegin.o
LOAD c:/st/stm32cubeide_1.7.0/stm32cubeide/plugins/com.st.stm32cube.ide.mcu.externaltools.gnu-tools-for-stm32.9-2020-q2-update.win32_2.0.0.202105311346/tools/bin/../lib/gcc/arm-none-eabi/9.3.1/../../../../arm-none-eabi/lib/thumb/v7e-m+fp/hard/crt0.o
LOAD ./Core/Src/Image_processing.o
LOAD ./Core/Src/lcdIli9341.o
LOAD ./Core/Src/main.o
LOAD ./Core/Src/ov7670.o
LOAD ./Core/Src/stm32f4xx_hal_msp.o
LOAD ./Core/Src/stm32f4xx_hal_timebase_tim.o
LOAD ./Core/Src/stm32f4xx_it.o
LOAD ./Core/Src/syscalls.o
LOAD ./Core/Src/sysmem.o
LOAD ./Core/Src/system_stm32f4xx.o
LOAD ./Core/Startup/startup_stm32f407vgtx.o
LOAD ./Drivers/STM32F4xx_HAL_Driver/Src/stm32f4xx_hal.o
LOAD ./Drivers/STM32F4xx_HAL_Driver/Src/stm32f4xx_hal_cortex.o
LOAD ./Drivers/STM32F4xx_HAL_Driver/Src/stm32f4xx_hal_dcmi.o
LOAD ./Drivers/STM32F4xx_HAL_Driver/Src/stm32f4xx_hal_dcmi_ex.o
LOAD ./Drivers/STM32F4xx_HAL_Driver/Src/stm32f4xx_hal_dma.o
LOAD ./Drivers/STM32F4xx_HAL_Driver/Src/stm32f4xx_hal_dma_ex.o
LOAD ./Drivers/STM32F4xx_HAL_Driver/Src/stm32f4xx_hal_exti.o
LOAD ./Drivers/STM32F4xx_HAL_Driver/Src/stm32f4xx_hal_flash.o
LOAD ./Drivers/STM32F4xx_HAL_Driver/Src/stm32f4xx_hal_flash_ex.o
LOAD ./Drivers/STM32F4xx_HAL_Driver/Src/stm32f4xx_hal_flash_ramfunc.o
LOAD ./Drivers/STM32F4xx_HAL_Driver/Src/stm32f4xx_hal_gpio.o
LOAD ./Drivers/STM32F4xx_HAL_Driver/Src/stm32f4xx_hal_i2c.o
LOAD ./Drivers/STM32F4xx_HAL_Driver/Src/stm32f4xx_hal_i2c_ex.o
LOAD ./Drivers/STM32F4xx_HAL_Driver/Src/stm32f4xx_hal_pwr.o
LOAD ./Drivers/STM32F4xx_HAL_Driver/Src/stm32f4xx_hal_pwr_ex.o
LOAD ./Drivers/STM32F4xx_HAL_Driver/Src/stm32f4xx_hal_rcc.o
LOAD ./Drivers/STM32F4xx_HAL_Driver/Src/stm32f4xx_hal_rcc_ex.o
LOAD ./Drivers/STM32F4xx_HAL_Driver/Src/stm32f4xx_hal_sram.o
LOAD ./Drivers/STM32F4xx_HAL_Driver/Src/stm32f4xx_hal_tim.o
LOAD ./Drivers/STM32F4xx_HAL_Driver/Src/stm32f4xx_hal_tim_ex.o
LOAD ./Drivers/STM32F4xx_HAL_Driver/Src/stm32f4xx_ll_fsmc.o
START GROUP
LOAD c:/st/stm32cubeide_1.7.0/stm32cubeide/plugins/com.st.stm32cube.ide.mcu.externaltools.gnu-tools-for-stm32.9-2020-q2-update.win32_2.0.0.202105311346/tools/bin/../lib/gcc/arm-none-eabi/9.3.1/../../../../arm-none-eabi/lib/thumb/v7e-m+fp/hard\libc_nano.a
LOAD c:/st/stm32cubeide_1.7.0/stm32cubeide/plugins/com.st.stm32cube.ide.mcu.externaltools.gnu-tools-for-stm32.9-2020-q2-update.win32_2.0.0.202105311346/tools/bin/../lib/gcc/arm-none-eabi/9.3.1/../../../../arm-none-eabi/lib/thumb/v7e-m+fp/hard\libm.a
END GROUP
START GROUP
LOAD c:/st/stm32cubeide_1.7.0/stm32cubeide/plugins/com.st.stm32cube.ide.mcu.externaltools.gnu-tools-for-stm32.9-2020-q2-update.win32_2.0.0.202105311346/tools/bin/../lib/gcc/arm-none-eabi/9.3.1/thumb/v7e-m+fp/hard\libgcc.a
LOAD c:/st/stm32cubeide_1.7.0/stm32cubeide/plugins/com.st.stm32cube.ide.mcu.externaltools.gnu-tools-for-stm32.9-2020-q2-update.win32_2.0.0.202105311346/tools/bin/../lib/gcc/arm-none-eabi/9.3.1/../../../../arm-none-eabi/lib/thumb/v7e-m+fp/hard\libc_nano.a
END GROUP
START GROUP
LOAD c:/st/stm32cubeide_1.7.0/stm32cubeide/plugins/com.st.stm32cube.ide.mcu.externaltools.gnu-tools-for-stm32.9-2020-q2-update.win32_2.0.0.202105311346/tools/bin/../lib/gcc/arm-none-eabi/9.3.1/thumb/v7e-m+fp/hard\libgcc.a
LOAD c:/st/stm32cubeide_1.7.0/stm32cubeide/plugins/com.st.stm32cube.ide.mcu.externaltools.gnu-tools-for-stm32.9-2020-q2-update.win32_2.0.0.202105311346/tools/bin/../lib/gcc/arm-none-eabi/9.3.1/../../../../arm-none-eabi/lib/thumb/v7e-m+fp/hard\libc_nano.a
LOAD c:/st/stm32cubeide_1.7.0/stm32cubeide/plugins/com.st.stm32cube.ide.mcu.externaltools.gnu-tools-for-stm32.9-2020-q2-update.win32_2.0.0.202105311346/tools/bin/../lib/gcc/arm-none-eabi/9.3.1/../../../../arm-none-eabi/lib/thumb/v7e-m+fp/hard\libnosys.a
END GROUP
START GROUP
LOAD c:/st/stm32cubeide_1.7.0/stm32cubeide/plugins/com.st.stm32cube.ide.mcu.externaltools.gnu-tools-for-stm32.9-2020-q2-update.win32_2.0.0.202105311346/tools/bin/../lib/gcc/arm-none-eabi/9.3.1/thumb/v7e-m+fp/hard\libgcc.a
LOAD c:/st/stm32cubeide_1.7.0/stm32cubeide/plugins/com.st.stm32cube.ide.mcu.externaltools.gnu-tools-for-stm32.9-2020-q2-update.win32_2.0.0.202105311346/tools/bin/../lib/gcc/arm-none-eabi/9.3.1/../../../../arm-none-eabi/lib/thumb/v7e-m+fp/hard\libc_nano.a
LOAD c:/st/stm32cubeide_1.7.0/stm32cubeide/plugins/com.st.stm32cube.ide.mcu.externaltools.gnu-tools-for-stm32.9-2020-q2-update.win32_2.0.0.202105311346/tools/bin/../lib/gcc/arm-none-eabi/9.3.1/../../../../arm-none-eabi/lib/thumb/v7e-m+fp/hard\libnosys.a
END GROUP
LOAD c:/st/stm32cubeide_1.7.0/stm32cubeide/plugins/com.st.stm32cube.ide.mcu.externaltools.gnu-tools-for-stm32.9-2020-q2-update.win32_2.0.0.202105311346/tools/bin/../lib/gcc/arm-none-eabi/9.3.1/thumb/v7e-m+fp/hard/crtend.o
LOAD c:/st/stm32cubeide_1.7.0/stm32cubeide/plugins/com.st.stm32cube.ide.mcu.externaltools.gnu-tools-for-stm32.9-2020-q2-update.win32_2.0.0.202105311346/tools/bin/../lib/gcc/arm-none-eabi/9.3.1/thumb/v7e-m+fp/hard/crtn.o
                0x0000000020020000                _estack = (ORIGIN (RAM) + LENGTH (RAM))
                0x0000000000000200                _Min_Heap_Size = 0x200
                0x0000000000000400                _Min_Stack_Size = 0x400

.isr_vector     0x0000000008000000      0x188
                0x0000000008000000                . = ALIGN (0x4)
 *(.isr_vector)
 .isr_vector    0x0000000008000000      0x188 ./Core/Startup/startup_stm32f407vgtx.o
                0x0000000008000000                g_pfnVectors
                0x0000000008000188                . = ALIGN (0x4)

.text           0x0000000008000188     0x5a20
                0x0000000008000188                . = ALIGN (0x4)
 *(.text)
 .text          0x0000000008000188       0x40 c:/st/stm32cubeide_1.7.0/stm32cubeide/plugins/com.st.stm32cube.ide.mcu.externaltools.gnu-tools-for-stm32.9-2020-q2-update.win32_2.0.0.202105311346/tools/bin/../lib/gcc/arm-none-eabi/9.3.1/thumb/v7e-m+fp/hard/crtbegin.o
 .text          0x00000000080001c8       0x30 c:/st/stm32cubeide_1.7.0/stm32cubeide/plugins/com.st.stm32cube.ide.mcu.externaltools.gnu-tools-for-stm32.9-2020-q2-update.win32_2.0.0.202105311346/tools/bin/../lib/gcc/arm-none-eabi/9.3.1/thumb/v7e-m+fp/hard\libgcc.a(_aeabi_uldivmod.o)
                0x00000000080001c8                __aeabi_uldivmod
 .text          0x00000000080001f8      0x2c4 c:/st/stm32cubeide_1.7.0/stm32cubeide/plugins/com.st.stm32cube.ide.mcu.externaltools.gnu-tools-for-stm32.9-2020-q2-update.win32_2.0.0.202105311346/tools/bin/../lib/gcc/arm-none-eabi/9.3.1/thumb/v7e-m+fp/hard\libgcc.a(_udivmoddi4.o)
                0x00000000080001f8                __udivmoddi4
 .text          0x00000000080004bc        0x4 c:/st/stm32cubeide_1.7.0/stm32cubeide/plugins/com.st.stm32cube.ide.mcu.externaltools.gnu-tools-for-stm32.9-2020-q2-update.win32_2.0.0.202105311346/tools/bin/../lib/gcc/arm-none-eabi/9.3.1/thumb/v7e-m+fp/hard\libgcc.a(_dvmd_tls.o)
                0x00000000080004bc                __aeabi_idiv0
                0x00000000080004bc                __aeabi_ldiv0
 *(.text*)
 .text.convRGB565
                0x00000000080004c0       0x36 ./Core/Src/Image_processing.o
                0x00000000080004c0                convRGB565
 .text.RGB_Image
                0x00000000080004f6       0xa6 ./Core/Src/Image_processing.o
                0x00000000080004f6                RGB_Image
 .text.Gray32_Image
                0x000000000800059c      0x100 ./Core/Src/Image_processing.o
                0x000000000800059c                Gray32_Image
 .text.Negative_Image
                0x000000000800069c       0xec ./Core/Src/Image_processing.o
                0x000000000800069c                Negative_Image
 .text.Bin_Image
                0x0000000008000788       0xfc ./Core/Src/Image_processing.o
                0x0000000008000788                Bin_Image
 .text.ColorFiler_Image
                0x0000000008000884       0x9a ./Core/Src/Image_processing.o
                0x0000000008000884                ColorFiler_Image
 .text.lcdIli9341_setArea
                0x000000000800091e       0x98 ./Core/Src/lcdIli9341.o
                0x000000000800091e                lcdIli9341_setArea
 *fill*         0x00000000080009b6        0x2 
 .text.lcdIli9341_drawRect
                0x00000000080009b8       0x7c ./Core/Src/lcdIli9341.o
                0x00000000080009b8                lcdIli9341_drawRect
 .text.lcdIli9341_getDrawAddress
                0x0000000008000a34       0x14 ./Core/Src/lcdIli9341.o
                0x0000000008000a34                lcdIli9341_getDrawAddress
 .text.lcdIli9341_init
                0x0000000008000a48      0x17e ./Core/Src/lcdIli9341.o
                0x0000000008000a48                lcdIli9341_init
 .text.lcdIli9341_writeCmd
                0x0000000008000bc6       0x1e ./Core/Src/lcdIli9341.o
 .text.lcdIli9341_writeData
                0x0000000008000be4       0x20 ./Core/Src/lcdIli9341.o
 .text.main     0x0000000008000c04       0x68 ./Core/Src/main.o
                0x0000000008000c04                main
 .text.SystemClock_Config
                0x0000000008000c6c       0xe4 ./Core/Src/main.o
                0x0000000008000c6c                SystemClock_Config
 .text.MX_DCMI_Init
                0x0000000008000d50       0x50 ./Core/Src/main.o
 .text.MX_I2C2_Init
                0x0000000008000da0       0x5c ./Core/Src/main.o
 .text.MX_DMA_Init
                0x0000000008000dfc       0x40 ./Core/Src/main.o
 .text.MX_GPIO_Init
                0x0000000008000e3c      0x240 ./Core/Src/main.o
 .text.MX_FSMC_Init
                0x000000000800107c       0xc0 ./Core/Src/main.o
 .text.camera   0x000000000800113c       0x58 ./Core/Src/main.o
                0x000000000800113c                camera
 .text.lcdIntro
                0x0000000008001194       0xc4 ./Core/Src/main.o
                0x0000000008001194                lcdIntro
 .text.switch_mode
                0x0000000008001258      0x134 ./Core/Src/main.o
                0x0000000008001258                switch_mode
 .text.HAL_TIM_PeriodElapsedCallback
                0x000000000800138c       0x24 ./Core/Src/main.o
                0x000000000800138c                HAL_TIM_PeriodElapsedCallback
 .text.Error_Handler
                0x00000000080013b0        0xa ./Core/Src/main.o
                0x00000000080013b0                Error_Handler
 *fill*         0x00000000080013ba        0x2 
 .text.ov7670_init
                0x00000000080013bc       0x50 ./Core/Src/ov7670.o
                0x00000000080013bc                ov7670_init
 .text.ov7670_config
                0x000000000800140c       0x60 ./Core/Src/ov7670.o
                0x000000000800140c                ov7670_config
 .text.ov7670_reset
                0x000000000800146c       0x30 ./Core/Src/ov7670.o
                0x000000000800146c                ov7670_reset
 .text.ov7670_startCap
                0x000000000800149c       0x5c ./Core/Src/ov7670.o
                0x000000000800149c                ov7670_startCap
 .text.ov7670_stopCap
                0x00000000080014f8       0x18 ./Core/Src/ov7670.o
                0x00000000080014f8                ov7670_stopCap
 .text.HAL_DCMI_FrameEventCallback
                0x0000000008001510       0x64 ./Core/Src/ov7670.o
                0x0000000008001510                HAL_DCMI_FrameEventCallback
 .text.HAL_DCMI_VsyncEventCallback
                0x0000000008001574       0x14 ./Core/Src/ov7670.o
                0x0000000008001574                HAL_DCMI_VsyncEventCallback
 .text.ov7670_write
                0x0000000008001588       0x40 ./Core/Src/ov7670.o
 .text.HAL_MspInit
                0x00000000080015c8       0x58 ./Core/Src/stm32f4xx_hal_msp.o
                0x00000000080015c8                HAL_MspInit
 .text.HAL_DCMI_MspInit
                0x0000000008001620      0x18c ./Core/Src/stm32f4xx_hal_msp.o
                0x0000000008001620                HAL_DCMI_MspInit
 .text.HAL_I2C_MspInit
                0x00000000080017ac       0x90 ./Core/Src/stm32f4xx_hal_msp.o
                0x00000000080017ac                HAL_I2C_MspInit
 .text.HAL_FSMC_MspInit
                0x000000000800183c       0x98 ./Core/Src/stm32f4xx_hal_msp.o
 .text.HAL_SRAM_MspInit
                0x00000000080018d4       0x14 ./Core/Src/stm32f4xx_hal_msp.o
                0x00000000080018d4                HAL_SRAM_MspInit
 .text.HAL_InitTick
                0x00000000080018e8       0xb4 ./Core/Src/stm32f4xx_hal_timebase_tim.o
                0x00000000080018e8                HAL_InitTick
 .text.SysTick_Handler
                0x000000000800199c        0xe ./Core/Src/stm32f4xx_it.o
                0x000000000800199c                SysTick_Handler
 *fill*         0x00000000080019aa        0x2 
 .text.TIM6_DAC_IRQHandler
                0x00000000080019ac       0x14 ./Core/Src/stm32f4xx_it.o
                0x00000000080019ac                TIM6_DAC_IRQHandler
 .text.DMA2_Stream1_IRQHandler
                0x00000000080019c0       0x14 ./Core/Src/stm32f4xx_it.o
                0x00000000080019c0                DMA2_Stream1_IRQHandler
 .text.DCMI_IRQHandler
                0x00000000080019d4       0x14 ./Core/Src/stm32f4xx_it.o
                0x00000000080019d4                DCMI_IRQHandler
 .text.SystemInit
                0x00000000080019e8       0x6c ./Core/Src/system_stm32f4xx.o
                0x00000000080019e8                SystemInit
 .text.Reset_Handler
                0x0000000008001a54       0x50 ./Core/Startup/startup_stm32f407vgtx.o
                0x0000000008001a54                Reset_Handler
 .text.Default_Handler
                0x0000000008001aa4        0x2 ./Core/Startup/startup_stm32f407vgtx.o
                0x0000000008001aa4                RTC_Alarm_IRQHandler
                0x0000000008001aa4                HASH_RNG_IRQHandler
                0x0000000008001aa4                EXTI2_IRQHandler
                0x0000000008001aa4                TIM8_CC_IRQHandler
                0x0000000008001aa4                DebugMon_Handler
                0x0000000008001aa4                TIM1_CC_IRQHandler
                0x0000000008001aa4                DMA2_Stream5_IRQHandler
                0x0000000008001aa4                HardFault_Handler
                0x0000000008001aa4                DMA1_Stream5_IRQHandler
                0x0000000008001aa4                PVD_IRQHandler
                0x0000000008001aa4                SDIO_IRQHandler
                0x0000000008001aa4                TAMP_STAMP_IRQHandler
                0x0000000008001aa4                PendSV_Handler
                0x0000000008001aa4                NMI_Handler
                0x0000000008001aa4                CAN2_RX1_IRQHandler
                0x0000000008001aa4                EXTI3_IRQHandler
                0x0000000008001aa4                TIM8_TRG_COM_TIM14_IRQHandler
                0x0000000008001aa4                TIM1_UP_TIM10_IRQHandler
                0x0000000008001aa4                TIM8_UP_TIM13_IRQHandler
                0x0000000008001aa4                I2C3_ER_IRQHandler
                0x0000000008001aa4                EXTI0_IRQHandler
                0x0000000008001aa4                I2C2_EV_IRQHandler
                0x0000000008001aa4                DMA1_Stream2_IRQHandler
                0x0000000008001aa4                CAN1_RX0_IRQHandler
                0x0000000008001aa4                FPU_IRQHandler
                0x0000000008001aa4                OTG_HS_WKUP_IRQHandler
                0x0000000008001aa4                UsageFault_Handler
                0x0000000008001aa4                CAN2_SCE_IRQHandler
                0x0000000008001aa4                DMA2_Stream2_IRQHandler
                0x0000000008001aa4                SPI1_IRQHandler
                0x0000000008001aa4                TIM1_BRK_TIM9_IRQHandler
                0x0000000008001aa4                CAN2_RX0_IRQHandler
                0x0000000008001aa4                DMA2_Stream3_IRQHandler
                0x0000000008001aa4                USART6_IRQHandler
                0x0000000008001aa4                USART3_IRQHandler
                0x0000000008001aa4                CAN1_RX1_IRQHandler
                0x0000000008001aa4                UART5_IRQHandler
                0x0000000008001aa4                DMA2_Stream0_IRQHandler
                0x0000000008001aa4                TIM4_IRQHandler
                0x0000000008001aa4                I2C1_EV_IRQHandler
                0x0000000008001aa4                DMA1_Stream6_IRQHandler
                0x0000000008001aa4                DMA1_Stream1_IRQHandler
                0x0000000008001aa4                UART4_IRQHandler
                0x0000000008001aa4                TIM3_IRQHandler
                0x0000000008001aa4                RCC_IRQHandler
                0x0000000008001aa4                TIM8_BRK_TIM12_IRQHandler
                0x0000000008001aa4                Default_Handler
                0x0000000008001aa4                EXTI15_10_IRQHandler
                0x0000000008001aa4                ADC_IRQHandler
                0x0000000008001aa4                DMA1_Stream7_IRQHandler
                0x0000000008001aa4                TIM7_IRQHandler
                0x0000000008001aa4                CAN2_TX_IRQHandler
                0x0000000008001aa4                TIM5_IRQHandler
                0x0000000008001aa4                DMA2_Stream7_IRQHandler
                0x0000000008001aa4                I2C3_EV_IRQHandler
                0x0000000008001aa4                EXTI9_5_IRQHandler
                0x0000000008001aa4                RTC_WKUP_IRQHandler
                0x0000000008001aa4                ETH_WKUP_IRQHandler
                0x0000000008001aa4                SPI2_IRQHandler
                0x0000000008001aa4                OTG_HS_EP1_IN_IRQHandler
                0x0000000008001aa4                MemManage_Handler
                0x0000000008001aa4                DMA1_Stream0_IRQHandler
                0x0000000008001aa4                CAN1_TX_IRQHandler
                0x0000000008001aa4                SVC_Handler
                0x0000000008001aa4                EXTI4_IRQHandler
                0x0000000008001aa4                FSMC_IRQHandler
                0x0000000008001aa4                ETH_IRQHandler
                0x0000000008001aa4                OTG_HS_EP1_OUT_IRQHandler
                0x0000000008001aa4                WWDG_IRQHandler
                0x0000000008001aa4                TIM2_IRQHandler
                0x0000000008001aa4                OTG_FS_WKUP_IRQHandler
                0x0000000008001aa4                TIM1_TRG_COM_TIM11_IRQHandler
                0x0000000008001aa4                OTG_HS_IRQHandler
                0x0000000008001aa4                EXTI1_IRQHandler
                0x0000000008001aa4                USART2_IRQHandler
                0x0000000008001aa4                I2C2_ER_IRQHandler
                0x0000000008001aa4                CAN1_SCE_IRQHandler
                0x0000000008001aa4                FLASH_IRQHandler
                0x0000000008001aa4                DMA2_Stream4_IRQHandler
                0x0000000008001aa4                BusFault_Handler
                0x0000000008001aa4                USART1_IRQHandler
                0x0000000008001aa4                OTG_FS_IRQHandler
                0x0000000008001aa4                SPI3_IRQHandler
                0x0000000008001aa4                DMA1_Stream4_IRQHandler
                0x0000000008001aa4                I2C1_ER_IRQHandler
                0x0000000008001aa4                DMA2_Stream6_IRQHandler
                0x0000000008001aa4                DMA1_Stream3_IRQHandler
 *fill*         0x0000000008001aa6        0x2 
 .text.HAL_Init
                0x0000000008001aa8       0x44 ./Drivers/STM32F4xx_HAL_Driver/Src/stm32f4xx_hal.o
                0x0000000008001aa8                HAL_Init
 .text.HAL_IncTick
                0x0000000008001aec       0x28 ./Drivers/STM32F4xx_HAL_Driver/Src/stm32f4xx_hal.o
                0x0000000008001aec                HAL_IncTick
 .text.HAL_GetTick
                0x0000000008001b14       0x18 ./Drivers/STM32F4xx_HAL_Driver/Src/stm32f4xx_hal.o
                0x0000000008001b14                HAL_GetTick
 .text.HAL_Delay
                0x0000000008001b2c       0x48 ./Drivers/STM32F4xx_HAL_Driver/Src/stm32f4xx_hal.o
                0x0000000008001b2c                HAL_Delay
 .text.__NVIC_SetPriorityGrouping
                0x0000000008001b74       0x48 ./Drivers/STM32F4xx_HAL_Driver/Src/stm32f4xx_hal_cortex.o
 .text.__NVIC_GetPriorityGrouping
                0x0000000008001bbc       0x1c ./Drivers/STM32F4xx_HAL_Driver/Src/stm32f4xx_hal_cortex.o
 .text.__NVIC_EnableIRQ
                0x0000000008001bd8       0x3c ./Drivers/STM32F4xx_HAL_Driver/Src/stm32f4xx_hal_cortex.o
 .text.__NVIC_SetPriority
                0x0000000008001c14       0x54 ./Drivers/STM32F4xx_HAL_Driver/Src/stm32f4xx_hal_cortex.o
 .text.NVIC_EncodePriority
                0x0000000008001c68       0x66 ./Drivers/STM32F4xx_HAL_Driver/Src/stm32f4xx_hal_cortex.o
 .text.HAL_NVIC_SetPriorityGrouping
                0x0000000008001cce       0x16 ./Drivers/STM32F4xx_HAL_Driver/Src/stm32f4xx_hal_cortex.o
                0x0000000008001cce                HAL_NVIC_SetPriorityGrouping
 .text.HAL_NVIC_SetPriority
                0x0000000008001ce4       0x38 ./Drivers/STM32F4xx_HAL_Driver/Src/stm32f4xx_hal_cortex.o
                0x0000000008001ce4                HAL_NVIC_SetPriority
 .text.HAL_NVIC_EnableIRQ
                0x0000000008001d1c       0x1c ./Drivers/STM32F4xx_HAL_Driver/Src/stm32f4xx_hal_cortex.o
                0x0000000008001d1c                HAL_NVIC_EnableIRQ
 .text.HAL_DCMI_Start_DMA
                0x0000000008001d38      0x140 ./Drivers/STM32F4xx_HAL_Driver/Src/stm32f4xx_hal_dcmi.o
                0x0000000008001d38                HAL_DCMI_Start_DMA
 .text.HAL_DCMI_Stop
                0x0000000008001e78       0xb8 ./Drivers/STM32F4xx_HAL_Driver/Src/stm32f4xx_hal_dcmi.o
                0x0000000008001e78                HAL_DCMI_Stop
 .text.HAL_DCMI_IRQHandler
                0x0000000008001f30       0xfc ./Drivers/STM32F4xx_HAL_Driver/Src/stm32f4xx_hal_dcmi.o
                0x0000000008001f30                HAL_DCMI_IRQHandler
 .text.HAL_DCMI_ErrorCallback
                0x000000000800202c       0x14 ./Drivers/STM32F4xx_HAL_Driver/Src/stm32f4xx_hal_dcmi.o
                0x000000000800202c                HAL_DCMI_ErrorCallback
 .text.HAL_DCMI_LineEventCallback
                0x0000000008002040       0x14 ./Drivers/STM32F4xx_HAL_Driver/Src/stm32f4xx_hal_dcmi.o
                0x0000000008002040                HAL_DCMI_LineEventCallback
 .text.DCMI_DMAXferCplt
                0x0000000008002054      0x12a ./Drivers/STM32F4xx_HAL_Driver/Src/stm32f4xx_hal_dcmi.o
 .text.DCMI_DMAError
                0x000000000800217e       0x2e ./Drivers/STM32F4xx_HAL_Driver/Src/stm32f4xx_hal_dcmi.o
 .text.HAL_DCMI_Init
                0x00000000080021ac       0xda ./Drivers/STM32F4xx_HAL_Driver/Src/stm32f4xx_hal_dcmi_ex.o
                0x00000000080021ac                HAL_DCMI_Init
 *fill*         0x0000000008002286        0x2 
 .text.HAL_DMA_Init
                0x0000000008002288      0x15c ./Drivers/STM32F4xx_HAL_Driver/Src/stm32f4xx_hal_dma.o
                0x0000000008002288                HAL_DMA_Init
 .text.HAL_DMA_Start_IT
                0x00000000080023e4       0xb0 ./Drivers/STM32F4xx_HAL_Driver/Src/stm32f4xx_hal_dma.o
                0x00000000080023e4                HAL_DMA_Start_IT
 .text.HAL_DMA_Abort
                0x0000000008002494       0xe0 ./Drivers/STM32F4xx_HAL_Driver/Src/stm32f4xx_hal_dma.o
                0x0000000008002494                HAL_DMA_Abort
 .text.HAL_DMA_Abort_IT
                0x0000000008002574       0x44 ./Drivers/STM32F4xx_HAL_Driver/Src/stm32f4xx_hal_dma.o
                0x0000000008002574                HAL_DMA_Abort_IT
 .text.HAL_DMA_IRQHandler
                0x00000000080025b8      0x314 ./Drivers/STM32F4xx_HAL_Driver/Src/stm32f4xx_hal_dma.o
                0x00000000080025b8                HAL_DMA_IRQHandler
 .text.DMA_SetConfig
                0x00000000080028cc       0x5c ./Drivers/STM32F4xx_HAL_Driver/Src/stm32f4xx_hal_dma.o
 .text.DMA_CalcBaseAndBitshift
                0x0000000008002928       0x6c ./Drivers/STM32F4xx_HAL_Driver/Src/stm32f4xx_hal_dma.o
 .text.DMA_CheckFifoParam
                0x0000000008002994       0xf8 ./Drivers/STM32F4xx_HAL_Driver/Src/stm32f4xx_hal_dma.o
 .text.HAL_DMAEx_MultiBufferStart_IT
                0x0000000008002a8c     0x1290 ./Drivers/STM32F4xx_HAL_Driver/Src/stm32f4xx_hal_dma_ex.o
                0x0000000008002a8c                HAL_DMAEx_MultiBufferStart_IT
 .text.HAL_DMAEx_ChangeMemory
                0x0000000008003d1c       0x34 ./Drivers/STM32F4xx_HAL_Driver/Src/stm32f4xx_hal_dma_ex.o
                0x0000000008003d1c                HAL_DMAEx_ChangeMemory
 .text.DMA_MultiBufferSetConfig
                0x0000000008003d50       0x4c ./Drivers/STM32F4xx_HAL_Driver/Src/stm32f4xx_hal_dma_ex.o
 .text.HAL_GPIO_Init
                0x0000000008003d9c      0x338 ./Drivers/STM32F4xx_HAL_Driver/Src/stm32f4xx_hal_gpio.o
                0x0000000008003d9c                HAL_GPIO_Init
 .text.HAL_GPIO_WritePin
                0x00000000080040d4       0x32 ./Drivers/STM32F4xx_HAL_Driver/Src/stm32f4xx_hal_gpio.o
                0x00000000080040d4                HAL_GPIO_WritePin
 *fill*         0x0000000008004106        0x2 
 .text.HAL_I2C_Init
                0x0000000008004108      0x288 ./Drivers/STM32F4xx_HAL_Driver/Src/stm32f4xx_hal_i2c.o
                0x0000000008004108                HAL_I2C_Init
 .text.HAL_I2C_Mem_Write
                0x0000000008004390      0x1f4 ./Drivers/STM32F4xx_HAL_Driver/Src/stm32f4xx_hal_i2c.o
                0x0000000008004390                HAL_I2C_Mem_Write
 .text.I2C_RequestMemoryWrite
                0x0000000008004584      0x12c ./Drivers/STM32F4xx_HAL_Driver/Src/stm32f4xx_hal_i2c.o
 .text.I2C_WaitOnFlagUntilTimeout
                0x00000000080046b0       0xae ./Drivers/STM32F4xx_HAL_Driver/Src/stm32f4xx_hal_i2c.o
 .text.I2C_WaitOnMasterAddressFlagUntilTimeout
                0x000000000800475e       0xfe ./Drivers/STM32F4xx_HAL_Driver/Src/stm32f4xx_hal_i2c.o
 .text.I2C_WaitOnTXEFlagUntilTimeout
                0x000000000800485c       0x82 ./Drivers/STM32F4xx_HAL_Driver/Src/stm32f4xx_hal_i2c.o
 .text.I2C_WaitOnBTFFlagUntilTimeout
                0x00000000080048de       0x82 ./Drivers/STM32F4xx_HAL_Driver/Src/stm32f4xx_hal_i2c.o
 .text.I2C_IsAcknowledgeFailed
                0x0000000008004960       0x5e ./Drivers/STM32F4xx_HAL_Driver/Src/stm32f4xx_hal_i2c.o
 *fill*         0x00000000080049be        0x2 
 .text.HAL_RCC_OscConfig
                0x00000000080049c0      0x4f0 ./Drivers/STM32F4xx_HAL_Driver/Src/stm32f4xx_hal_rcc.o
                0x00000000080049c0                HAL_RCC_OscConfig
 .text.HAL_RCC_ClockConfig
                0x0000000008004eb0      0x1cc ./Drivers/STM32F4xx_HAL_Driver/Src/stm32f4xx_hal_rcc.o
                0x0000000008004eb0                HAL_RCC_ClockConfig
 .text.HAL_RCC_MCOConfig
                0x000000000800507c       0xd0 ./Drivers/STM32F4xx_HAL_Driver/Src/stm32f4xx_hal_rcc.o
                0x000000000800507c                HAL_RCC_MCOConfig
 .text.HAL_RCC_GetSysClockFreq
                0x000000000800514c      0x1c4 ./Drivers/STM32F4xx_HAL_Driver/Src/stm32f4xx_hal_rcc.o
                0x000000000800514c                HAL_RCC_GetSysClockFreq
 .text.HAL_RCC_GetHCLKFreq
                0x0000000008005310       0x18 ./Drivers/STM32F4xx_HAL_Driver/Src/stm32f4xx_hal_rcc.o
                0x0000000008005310                HAL_RCC_GetHCLKFreq
 .text.HAL_RCC_GetPCLK1Freq
                0x0000000008005328       0x28 ./Drivers/STM32F4xx_HAL_Driver/Src/stm32f4xx_hal_rcc.o
                0x0000000008005328                HAL_RCC_GetPCLK1Freq
 .text.HAL_RCC_GetClockConfig
                0x0000000008005350       0x64 ./Drivers/STM32F4xx_HAL_Driver/Src/stm32f4xx_hal_rcc.o
                0x0000000008005350                HAL_RCC_GetClockConfig
 .text.HAL_SRAM_Init
                0x00000000080053b4       0x88 ./Drivers/STM32F4xx_HAL_Driver/Src/stm32f4xx_hal_sram.o
                0x00000000080053b4                HAL_SRAM_Init
 .text.HAL_TIM_Base_Init
                0x000000000800543c       0x9e ./Drivers/STM32F4xx_HAL_Driver/Src/stm32f4xx_hal_tim.o
                0x000000000800543c                HAL_TIM_Base_Init
 .text.HAL_TIM_Base_MspInit
                0x00000000080054da       0x14 ./Drivers/STM32F4xx_HAL_Driver/Src/stm32f4xx_hal_tim.o
                0x00000000080054da                HAL_TIM_Base_MspInit
 *fill*         0x00000000080054ee        0x2 
 .text.HAL_TIM_Base_Start_IT
                0x00000000080054f0       0xe0 ./Drivers/STM32F4xx_HAL_Driver/Src/stm32f4xx_hal_tim.o
                0x00000000080054f0                HAL_TIM_Base_Start_IT
 .text.HAL_TIM_IRQHandler
                0x00000000080055d0      0x210 ./Drivers/STM32F4xx_HAL_Driver/Src/stm32f4xx_hal_tim.o
                0x00000000080055d0                HAL_TIM_IRQHandler
 .text.HAL_TIM_OC_DelayElapsedCallback
                0x00000000080057e0       0x14 ./Drivers/STM32F4xx_HAL_Driver/Src/stm32f4xx_hal_tim.o
                0x00000000080057e0                HAL_TIM_OC_DelayElapsedCallback
 .text.HAL_TIM_IC_CaptureCallback
                0x00000000080057f4       0x14 ./Drivers/STM32F4xx_HAL_Driver/Src/stm32f4xx_hal_tim.o
                0x00000000080057f4                HAL_TIM_IC_CaptureCallback
 .text.HAL_TIM_PWM_PulseFinishedCallback
                0x0000000008005808       0x14 ./Drivers/STM32F4xx_HAL_Driver/Src/stm32f4xx_hal_tim.o
                0x0000000008005808                HAL_TIM_PWM_PulseFinishedCallback
 .text.HAL_TIM_TriggerCallback
                0x000000000800581c       0x14 ./Drivers/STM32F4xx_HAL_Driver/Src/stm32f4xx_hal_tim.o
                0x000000000800581c                HAL_TIM_TriggerCallback
 .text.TIM_Base_SetConfig
                0x0000000008005830      0x140 ./Drivers/STM32F4xx_HAL_Driver/Src/stm32f4xx_hal_tim.o
                0x0000000008005830                TIM_Base_SetConfig
 .text.HAL_TIMEx_CommutCallback
                0x0000000008005970       0x14 ./Drivers/STM32F4xx_HAL_Driver/Src/stm32f4xx_hal_tim_ex.o
                0x0000000008005970                HAL_TIMEx_CommutCallback
 .text.HAL_TIMEx_BreakCallback
                0x0000000008005984       0x14 ./Drivers/STM32F4xx_HAL_Driver/Src/stm32f4xx_hal_tim_ex.o
                0x0000000008005984                HAL_TIMEx_BreakCallback
 .text.FSMC_NORSRAM_Init
                0x0000000008005998       0xa4 ./Drivers/STM32F4xx_HAL_Driver/Src/stm32f4xx_ll_fsmc.o
                0x0000000008005998                FSMC_NORSRAM_Init
 .text.FSMC_NORSRAM_Timing_Init
                0x0000000008005a3c       0x7a ./Drivers/STM32F4xx_HAL_Driver/Src/stm32f4xx_ll_fsmc.o
                0x0000000008005a3c                FSMC_NORSRAM_Timing_Init
 *fill*         0x0000000008005ab6        0x2 
 .text.FSMC_NORSRAM_Extended_Timing_Init
                0x0000000008005ab8       0x80 ./Drivers/STM32F4xx_HAL_Driver/Src/stm32f4xx_ll_fsmc.o
                0x0000000008005ab8                FSMC_NORSRAM_Extended_Timing_Init
 .text.__libc_init_array
                0x0000000008005b38       0x48 c:/st/stm32cubeide_1.7.0/stm32cubeide/plugins/com.st.stm32cube.ide.mcu.externaltools.gnu-tools-for-stm32.9-2020-q2-update.win32_2.0.0.202105311346/tools/bin/../lib/gcc/arm-none-eabi/9.3.1/../../../../arm-none-eabi/lib/thumb/v7e-m+fp/hard\libc_nano.a(lib_a-init.o)
                0x0000000008005b38                __libc_init_array
 .text.memset   0x0000000008005b80       0x10 c:/st/stm32cubeide_1.7.0/stm32cubeide/plugins/com.st.stm32cube.ide.mcu.externaltools.gnu-tools-for-stm32.9-2020-q2-update.win32_2.0.0.202105311346/tools/bin/../lib/gcc/arm-none-eabi/9.3.1/../../../../arm-none-eabi/lib/thumb/v7e-m+fp/hard\libc_nano.a(lib_a-memset.o)
                0x0000000008005b80                memset
 *(.glue_7)
 .glue_7        0x0000000008005b90        0x0 linker stubs
 *(.glue_7t)
 .glue_7t       0x0000000008005b90        0x0 linker stubs
 *(.eh_frame)
 .eh_frame      0x0000000008005b90        0x0 c:/st/stm32cubeide_1.7.0/stm32cubeide/plugins/com.st.stm32cube.ide.mcu.externaltools.gnu-tools-for-stm32.9-2020-q2-update.win32_2.0.0.202105311346/tools/bin/../lib/gcc/arm-none-eabi/9.3.1/thumb/v7e-m+fp/hard/crtbegin.o
 *(.init)
 .init          0x0000000008005b90        0x4 c:/st/stm32cubeide_1.7.0/stm32cubeide/plugins/com.st.stm32cube.ide.mcu.externaltools.gnu-tools-for-stm32.9-2020-q2-update.win32_2.0.0.202105311346/tools/bin/../lib/gcc/arm-none-eabi/9.3.1/thumb/v7e-m+fp/hard/crti.o
                0x0000000008005b90                _init
 .init          0x0000000008005b94        0x8 c:/st/stm32cubeide_1.7.0/stm32cubeide/plugins/com.st.stm32cube.ide.mcu.externaltools.gnu-tools-for-stm32.9-2020-q2-update.win32_2.0.0.202105311346/tools/bin/../lib/gcc/arm-none-eabi/9.3.1/thumb/v7e-m+fp/hard/crtn.o
 *(.fini)
 .fini          0x0000000008005b9c        0x4 c:/st/stm32cubeide_1.7.0/stm32cubeide/plugins/com.st.stm32cube.ide.mcu.externaltools.gnu-tools-for-stm32.9-2020-q2-update.win32_2.0.0.202105311346/tools/bin/../lib/gcc/arm-none-eabi/9.3.1/thumb/v7e-m+fp/hard/crti.o
                0x0000000008005b9c                _fini
 .fini          0x0000000008005ba0        0x8 c:/st/stm32cubeide_1.7.0/stm32cubeide/plugins/com.st.stm32cube.ide.mcu.externaltools.gnu-tools-for-stm32.9-2020-q2-update.win32_2.0.0.202105311346/tools/bin/../lib/gcc/arm-none-eabi/9.3.1/thumb/v7e-m+fp/hard/crtn.o
                0x0000000008005ba8                . = ALIGN (0x4)
                0x0000000008005ba8                _etext = .

.vfp11_veneer   0x0000000008005ba8        0x0
 .vfp11_veneer  0x0000000008005ba8        0x0 linker stubs

.v4_bx          0x0000000008005ba8        0x0
 .v4_bx         0x0000000008005ba8        0x0 linker stubs

.iplt           0x0000000008005ba8        0x0
 .iplt          0x0000000008005ba8        0x0 c:/st/stm32cubeide_1.7.0/stm32cubeide/plugins/com.st.stm32cube.ide.mcu.externaltools.gnu-tools-for-stm32.9-2020-q2-update.win32_2.0.0.202105311346/tools/bin/../lib/gcc/arm-none-eabi/9.3.1/thumb/v7e-m+fp/hard/crtbegin.o

.rodata         0x0000000008005ba8    0x2587c
                0x0000000008005ba8                . = ALIGN (0x4)
 *(.rodata)
 *(.rodata*)
 .rodata.gImage
                0x0000000008005ba8    0x25800 ./Core/Src/main.o
                0x0000000008005ba8                gImage
 .rodata.OV7670_reg
                0x000000000802b3a8       0x5a ./Core/Src/ov7670.o
                0x000000000802b3a8                OV7670_reg
 *fill*         0x000000000802b402        0x2 
 .rodata.AHBPrescTable
                0x000000000802b404       0x10 ./Core/Src/system_stm32f4xx.o
                0x000000000802b404                AHBPrescTable
 .rodata.APBPrescTable
                0x000000000802b414        0x8 ./Core/Src/system_stm32f4xx.o
                0x000000000802b414                APBPrescTable
 .rodata.flagBitshiftOffset.8677
                0x000000000802b41c        0x8 ./Drivers/STM32F4xx_HAL_Driver/Src/stm32f4xx_hal_dma.o
                0x000000000802b424                . = ALIGN (0x4)

.ARM.extab      0x000000000802b424        0x0
                0x000000000802b424                . = ALIGN (0x4)
 *(.ARM.extab* .gnu.linkonce.armextab.*)
                0x000000000802b424                . = ALIGN (0x4)

.ARM            0x000000000802b424        0x8
                0x000000000802b424                . = ALIGN (0x4)
                0x000000000802b424                __exidx_start = .
 *(.ARM.exidx*)
 .ARM.exidx     0x000000000802b424        0x8 c:/st/stm32cubeide_1.7.0/stm32cubeide/plugins/com.st.stm32cube.ide.mcu.externaltools.gnu-tools-for-stm32.9-2020-q2-update.win32_2.0.0.202105311346/tools/bin/../lib/gcc/arm-none-eabi/9.3.1/thumb/v7e-m+fp/hard\libgcc.a(_udivmoddi4.o)
                0x000000000802b42c                __exidx_end = .
                0x000000000802b42c                . = ALIGN (0x4)

.rel.dyn        0x000000000802b42c        0x0
 .rel.iplt      0x000000000802b42c        0x0 c:/st/stm32cubeide_1.7.0/stm32cubeide/plugins/com.st.stm32cube.ide.mcu.externaltools.gnu-tools-for-stm32.9-2020-q2-update.win32_2.0.0.202105311346/tools/bin/../lib/gcc/arm-none-eabi/9.3.1/thumb/v7e-m+fp/hard/crtbegin.o

.preinit_array  0x000000000802b42c        0x0
                0x000000000802b42c                . = ALIGN (0x4)
                0x000000000802b42c                PROVIDE (__preinit_array_start = .)
 *(.preinit_array*)
                0x000000000802b42c                PROVIDE (__preinit_array_end = .)
                0x000000000802b42c                . = ALIGN (0x4)

.init_array     0x000000000802b42c        0x4
                0x000000000802b42c                . = ALIGN (0x4)
                0x000000000802b42c                PROVIDE (__init_array_start = .)
 *(SORT_BY_NAME(.init_array.*))
 *(.init_array*)
 .init_array    0x000000000802b42c        0x4 c:/st/stm32cubeide_1.7.0/stm32cubeide/plugins/com.st.stm32cube.ide.mcu.externaltools.gnu-tools-for-stm32.9-2020-q2-update.win32_2.0.0.202105311346/tools/bin/../lib/gcc/arm-none-eabi/9.3.1/thumb/v7e-m+fp/hard/crtbegin.o
                0x000000000802b430                PROVIDE (__init_array_end = .)
                0x000000000802b430                . = ALIGN (0x4)

.fini_array     0x000000000802b430        0x4
                0x000000000802b430                . = ALIGN (0x4)
                [!provide]                        PROVIDE (__fini_array_start = .)
 *(SORT_BY_NAME(.fini_array.*))
 *(.fini_array*)
 .fini_array    0x000000000802b430        0x4 c:/st/stm32cubeide_1.7.0/stm32cubeide/plugins/com.st.stm32cube.ide.mcu.externaltools.gnu-tools-for-stm32.9-2020-q2-update.win32_2.0.0.202105311346/tools/bin/../lib/gcc/arm-none-eabi/9.3.1/thumb/v7e-m+fp/hard/crtbegin.o
                [!provide]                        PROVIDE (__fini_array_end = .)
                0x000000000802b434                . = ALIGN (0x4)
                0x000000000802b434                _sidata = LOADADDR (.data)

.data           0x0000000020000000        0xc load address 0x000000000802b434
                0x0000000020000000                . = ALIGN (0x4)
                0x0000000020000000                _sdata = .
 *(.data)
 *(.data*)
 .data.SystemCoreClock
                0x0000000020000000        0x4 ./Core/Src/system_stm32f4xx.o
                0x0000000020000000                SystemCoreClock
 .data.uwTickPrio
                0x0000000020000004        0x4 ./Drivers/STM32F4xx_HAL_Driver/Src/stm32f4xx_hal.o
                0x0000000020000004                uwTickPrio
 .data.uwTickFreq
                0x0000000020000008        0x1 ./Drivers/STM32F4xx_HAL_Driver/Src/stm32f4xx_hal.o
                0x0000000020000008                uwTickFreq
 *(.RamFunc)
 *(.RamFunc*)
                0x000000002000000c                . = ALIGN (0x4)
 *fill*         0x0000000020000009        0x3 
                0x000000002000000c                _edata = .
                0x000000000802b440                _siccmram = LOADADDR (.ccmram)

.igot.plt       0x000000002000000c        0x0 load address 0x000000000802b440
 .igot.plt      0x000000002000000c        0x0 c:/st/stm32cubeide_1.7.0/stm32cubeide/plugins/com.st.stm32cube.ide.mcu.externaltools.gnu-tools-for-stm32.9-2020-q2-update.win32_2.0.0.202105311346/tools/bin/../lib/gcc/arm-none-eabi/9.3.1/thumb/v7e-m+fp/hard/crtbegin.o

.ccmram         0x0000000010000000        0x0 load address 0x000000000802b440
                0x0000000010000000                . = ALIGN (0x4)
                0x0000000010000000                _sccmram = .
 *(.ccmram)
 *(.ccmram*)
                0x0000000010000000                . = ALIGN (0x4)
                0x0000000010000000                _eccmram = .
                0x0000000010000000                . = ALIGN (0x4)

.bss            0x000000002000000c      0x1d4
                0x000000002000000c                _sbss = .
                0x000000002000000c                __bss_start__ = _sbss
 *(.bss)
 .bss           0x000000002000000c       0x1c c:/st/stm32cubeide_1.7.0/stm32cubeide/plugins/com.st.stm32cube.ide.mcu.externaltools.gnu-tools-for-stm32.9-2020-q2-update.win32_2.0.0.202105311346/tools/bin/../lib/gcc/arm-none-eabi/9.3.1/thumb/v7e-m+fp/hard/crtbegin.o
 *(.bss*)
 .bss.counter_now
                0x0000000020000028        0x2 ./Core/Src/main.o
                0x0000000020000028                counter_now
 .bss.counter_pre
                0x000000002000002a        0x2 ./Core/Src/main.o
                0x000000002000002a                counter_pre
 .bss.sp_hdcmi  0x000000002000002c        0x4 ./Core/Src/ov7670.o
 .bss.sp_hdma_dcmi
                0x0000000020000030        0x4 ./Core/Src/ov7670.o
 .bss.sp_hi2c   0x0000000020000034        0x4 ./Core/Src/ov7670.o
 .bss.s_destAddressForContiuousMode
                0x0000000020000038        0x4 ./Core/Src/ov7670.o
 .bss.s_cbVsync
                0x000000002000003c        0x4 ./Core/Src/ov7670.o
 .bss.s_currentH
                0x0000000020000040        0x4 ./Core/Src/ov7670.o
 .bss.s_currentV
                0x0000000020000044        0x4 ./Core/Src/ov7670.o
 .bss.FSMC_Initialized
                0x0000000020000048        0x4 ./Core/Src/stm32f4xx_hal_msp.o
 *(COMMON)
 COMMON         0x000000002000004c      0x148 ./Core/Src/main.o
                0x000000002000004c                hi2c2
                0x00000000200000a0                hdma_dcmi
                0x0000000020000100                p_lcdData
                0x0000000020000104                hsram1
                0x0000000020000154                hdcmi
 COMMON         0x0000000020000194       0x48 ./Core/Src/stm32f4xx_hal_timebase_tim.o
                0x0000000020000194                htim6
 COMMON         0x00000000200001dc        0x4 ./Drivers/STM32F4xx_HAL_Driver/Src/stm32f4xx_hal.o
                0x00000000200001dc                uwTick
                0x00000000200001e0                . = ALIGN (0x4)
                0x00000000200001e0                _ebss = .
                0x00000000200001e0                __bss_end__ = _ebss

._user_heap_stack
                0x00000000200001e0      0x600
                0x00000000200001e0                . = ALIGN (0x8)
                [!provide]                        PROVIDE (end = .)
                0x00000000200001e0                PROVIDE (_end = .)
                0x00000000200003e0                . = (. + _Min_Heap_Size)
 *fill*         0x00000000200001e0      0x200 
                0x00000000200007e0                . = (. + _Min_Stack_Size)
 *fill*         0x00000000200003e0      0x400 
                0x00000000200007e0                . = ALIGN (0x8)

/DISCARD/
 libc.a(*)
 libm.a(*)
 libgcc.a(*)

.ARM.attributes
                0x0000000000000000       0x30
 *(.ARM.attributes)
 .ARM.attributes
                0x0000000000000000       0x1e c:/st/stm32cubeide_1.7.0/stm32cubeide/plugins/com.st.stm32cube.ide.mcu.externaltools.gnu-tools-for-stm32.9-2020-q2-update.win32_2.0.0.202105311346/tools/bin/../lib/gcc/arm-none-eabi/9.3.1/thumb/v7e-m+fp/hard/crti.o
 .ARM.attributes
                0x000000000000001e       0x34 c:/st/stm32cubeide_1.7.0/stm32cubeide/plugins/com.st.stm32cube.ide.mcu.externaltools.gnu-tools-for-stm32.9-2020-q2-update.win32_2.0.0.202105311346/tools/bin/../lib/gcc/arm-none-eabi/9.3.1/thumb/v7e-m+fp/hard/crtbegin.o
 .ARM.attributes
                0x0000000000000052       0x34 ./Core/Src/Image_processing.o
 .ARM.attributes
                0x0000000000000086       0x34 ./Core/Src/lcdIli9341.o
 .ARM.attributes
                0x00000000000000ba       0x34 ./Core/Src/main.o
 .ARM.attributes
                0x00000000000000ee       0x34 ./Core/Src/ov7670.o
 .ARM.attributes
                0x0000000000000122       0x34 ./Core/Src/stm32f4xx_hal_msp.o
 .ARM.attributes
                0x0000000000000156       0x34 ./Core/Src/stm32f4xx_hal_timebase_tim.o
 .ARM.attributes
                0x000000000000018a       0x34 ./Core/Src/stm32f4xx_it.o
 .ARM.attributes
                0x00000000000001be       0x34 ./Core/Src/system_stm32f4xx.o
 .ARM.attributes
                0x00000000000001f2       0x21 ./Core/Startup/startup_stm32f407vgtx.o
 .ARM.attributes
                0x0000000000000213       0x34 ./Drivers/STM32F4xx_HAL_Driver/Src/stm32f4xx_hal.o
 .ARM.attributes
                0x0000000000000247       0x34 ./Drivers/STM32F4xx_HAL_Driver/Src/stm32f4xx_hal_cortex.o
 .ARM.attributes
                0x000000000000027b       0x34 ./Drivers/STM32F4xx_HAL_Driver/Src/stm32f4xx_hal_dcmi.o
 .ARM.attributes
                0x00000000000002af       0x34 ./Drivers/STM32F4xx_HAL_Driver/Src/stm32f4xx_hal_dcmi_ex.o
 .ARM.attributes
                0x00000000000002e3       0x34 ./Drivers/STM32F4xx_HAL_Driver/Src/stm32f4xx_hal_dma.o
 .ARM.attributes
                0x0000000000000317       0x34 ./Drivers/STM32F4xx_HAL_Driver/Src/stm32f4xx_hal_dma_ex.o
 .ARM.attributes
                0x000000000000034b       0x34 ./Drivers/STM32F4xx_HAL_Driver/Src/stm32f4xx_hal_gpio.o
 .ARM.attributes
                0x000000000000037f       0x34 ./Drivers/STM32F4xx_HAL_Driver/Src/stm32f4xx_hal_i2c.o
 .ARM.attributes
                0x00000000000003b3       0x34 ./Drivers/STM32F4xx_HAL_Driver/Src/stm32f4xx_hal_rcc.o
 .ARM.attributes
                0x00000000000003e7       0x34 ./Drivers/STM32F4xx_HAL_Driver/Src/stm32f4xx_hal_sram.o
 .ARM.attributes
                0x000000000000041b       0x34 ./Drivers/STM32F4xx_HAL_Driver/Src/stm32f4xx_hal_tim.o
 .ARM.attributes
                0x000000000000044f       0x34 ./Drivers/STM32F4xx_HAL_Driver/Src/stm32f4xx_hal_tim_ex.o
 .ARM.attributes
                0x0000000000000483       0x34 ./Drivers/STM32F4xx_HAL_Driver/Src/stm32f4xx_ll_fsmc.o
 .ARM.attributes
                0x00000000000004b7       0x34 c:/st/stm32cubeide_1.7.0/stm32cubeide/plugins/com.st.stm32cube.ide.mcu.externaltools.gnu-tools-for-stm32.9-2020-q2-update.win32_2.0.0.202105311346/tools/bin/../lib/gcc/arm-none-eabi/9.3.1/../../../../arm-none-eabi/lib/thumb/v7e-m+fp/hard\libc_nano.a(lib_a-init.o)
 .ARM.attributes
                0x00000000000004eb       0x34 c:/st/stm32cubeide_1.7.0/stm32cubeide/plugins/com.st.stm32cube.ide.mcu.externaltools.gnu-tools-for-stm32.9-2020-q2-update.win32_2.0.0.202105311346/tools/bin/../lib/gcc/arm-none-eabi/9.3.1/../../../../arm-none-eabi/lib/thumb/v7e-m+fp/hard\libc_nano.a(lib_a-memset.o)
 .ARM.attributes
                0x000000000000051f       0x1e c:/st/stm32cubeide_1.7.0/stm32cubeide/plugins/com.st.stm32cube.ide.mcu.externaltools.gnu-tools-for-stm32.9-2020-q2-update.win32_2.0.0.202105311346/tools/bin/../lib/gcc/arm-none-eabi/9.3.1/thumb/v7e-m+fp/hard\libgcc.a(_aeabi_uldivmod.o)
 .ARM.attributes
                0x000000000000053d       0x34 c:/st/stm32cubeide_1.7.0/stm32cubeide/plugins/com.st.stm32cube.ide.mcu.externaltools.gnu-tools-for-stm32.9-2020-q2-update.win32_2.0.0.202105311346/tools/bin/../lib/gcc/arm-none-eabi/9.3.1/thumb/v7e-m+fp/hard\libgcc.a(_udivmoddi4.o)
 .ARM.attributes
                0x0000000000000571       0x1e c:/st/stm32cubeide_1.7.0/stm32cubeide/plugins/com.st.stm32cube.ide.mcu.externaltools.gnu-tools-for-stm32.9-2020-q2-update.win32_2.0.0.202105311346/tools/bin/../lib/gcc/arm-none-eabi/9.3.1/thumb/v7e-m+fp/hard\libgcc.a(_dvmd_tls.o)
 .ARM.attributes
                0x000000000000058f       0x1e c:/st/stm32cubeide_1.7.0/stm32cubeide/plugins/com.st.stm32cube.ide.mcu.externaltools.gnu-tools-for-stm32.9-2020-q2-update.win32_2.0.0.202105311346/tools/bin/../lib/gcc/arm-none-eabi/9.3.1/thumb/v7e-m+fp/hard/crtn.o
OUTPUT(Do_an_tot_nghiep_v4.elf elf32-littlearm)
LOAD linker stubs
LOAD c:/st/stm32cubeide_1.7.0/stm32cubeide/plugins/com.st.stm32cube.ide.mcu.externaltools.gnu-tools-for-stm32.9-2020-q2-update.win32_2.0.0.202105311346/tools/bin/../lib/gcc/arm-none-eabi/9.3.1/../../../../arm-none-eabi/lib/thumb/v7e-m+fp/hard\libc.a
LOAD c:/st/stm32cubeide_1.7.0/stm32cubeide/plugins/com.st.stm32cube.ide.mcu.externaltools.gnu-tools-for-stm32.9-2020-q2-update.win32_2.0.0.202105311346/tools/bin/../lib/gcc/arm-none-eabi/9.3.1/../../../../arm-none-eabi/lib/thumb/v7e-m+fp/hard\libm.a
LOAD c:/st/stm32cubeide_1.7.0/stm32cubeide/plugins/com.st.stm32cube.ide.mcu.externaltools.gnu-tools-for-stm32.9-2020-q2-update.win32_2.0.0.202105311346/tools/bin/../lib/gcc/arm-none-eabi/9.3.1/thumb/v7e-m+fp/hard\libgcc.a

.debug_info     0x0000000000000000    0x147c0
 .debug_info    0x0000000000000000     0x10ab ./Core/Src/Image_processing.o
 .debug_info    0x00000000000010ab      0xcf4 ./Core/Src/lcdIli9341.o
 .debug_info    0x0000000000001d9f     0x19a7 ./Core/Src/main.o
 .debug_info    0x0000000000003746     0x159d ./Core/Src/ov7670.o
 .debug_info    0x0000000000004ce3     0x12d6 ./Core/Src/stm32f4xx_hal_msp.o
 .debug_info    0x0000000000005fb9      0xc6c ./Core/Src/stm32f4xx_hal_timebase_tim.o
 .debug_info    0x0000000000006c25      0xa0a ./Core/Src/stm32f4xx_it.o
 .debug_info    0x000000000000762f      0x5a4 ./Core/Src/system_stm32f4xx.o
 .debug_info    0x0000000000007bd3       0x22 ./Core/Startup/startup_stm32f407vgtx.o
 .debug_info    0x0000000000007bf5      0x9b2 ./Drivers/STM32F4xx_HAL_Driver/Src/stm32f4xx_hal.o
 .debug_info    0x00000000000085a7      0xed7 ./Drivers/STM32F4xx_HAL_Driver/Src/stm32f4xx_hal_cortex.o
 .debug_info    0x000000000000947e      0xb7e ./Drivers/STM32F4xx_HAL_Driver/Src/stm32f4xx_hal_dcmi.o
 .debug_info    0x0000000000009ffc      0x6bd ./Drivers/STM32F4xx_HAL_Driver/Src/stm32f4xx_hal_dcmi_ex.o
 .debug_info    0x000000000000a6b9      0x9f1 ./Drivers/STM32F4xx_HAL_Driver/Src/stm32f4xx_hal_dma.o
 .debug_info    0x000000000000b0aa      0x62d ./Drivers/STM32F4xx_HAL_Driver/Src/stm32f4xx_hal_dma_ex.o
 .debug_info    0x000000000000b6d7      0x83e ./Drivers/STM32F4xx_HAL_Driver/Src/stm32f4xx_hal_gpio.o
 .debug_info    0x000000000000bf15     0x264d ./Drivers/STM32F4xx_HAL_Driver/Src/stm32f4xx_hal_i2c.o
 .debug_info    0x000000000000e562      0x996 ./Drivers/STM32F4xx_HAL_Driver/Src/stm32f4xx_hal_rcc.o
 .debug_info    0x000000000000eef8      0xbab ./Drivers/STM32F4xx_HAL_Driver/Src/stm32f4xx_hal_sram.o
 .debug_info    0x000000000000faa3     0x2c22 ./Drivers/STM32F4xx_HAL_Driver/Src/stm32f4xx_hal_tim.o
 .debug_info    0x00000000000126c5     0x15a2 ./Drivers/STM32F4xx_HAL_Driver/Src/stm32f4xx_hal_tim_ex.o
 .debug_info    0x0000000000013c67      0xb59 ./Drivers/STM32F4xx_HAL_Driver/Src/stm32f4xx_ll_fsmc.o

.debug_abbrev   0x0000000000000000     0x2d55
 .debug_abbrev  0x0000000000000000      0x229 ./Core/Src/Image_processing.o
 .debug_abbrev  0x0000000000000229      0x2be ./Core/Src/lcdIli9341.o
 .debug_abbrev  0x00000000000004e7      0x2db ./Core/Src/main.o
 .debug_abbrev  0x00000000000007c2      0x2b2 ./Core/Src/ov7670.o
 .debug_abbrev  0x0000000000000a74      0x225 ./Core/Src/stm32f4xx_hal_msp.o
 .debug_abbrev  0x0000000000000c99      0x1bf ./Core/Src/stm32f4xx_hal_timebase_tim.o
 .debug_abbrev  0x0000000000000e58      0x176 ./Core/Src/stm32f4xx_it.o
 .debug_abbrev  0x0000000000000fce      0x145 ./Core/Src/system_stm32f4xx.o
 .debug_abbrev  0x0000000000001113       0x12 ./Core/Startup/startup_stm32f407vgtx.o
 .debug_abbrev  0x0000000000001125      0x1ed ./Drivers/STM32F4xx_HAL_Driver/Src/stm32f4xx_hal.o
 .debug_abbrev  0x0000000000001312      0x33c ./Drivers/STM32F4xx_HAL_Driver/Src/stm32f4xx_hal_cortex.o
 .debug_abbrev  0x000000000000164e      0x22e ./Drivers/STM32F4xx_HAL_Driver/Src/stm32f4xx_hal_dcmi.o
 .debug_abbrev  0x000000000000187c      0x15e ./Drivers/STM32F4xx_HAL_Driver/Src/stm32f4xx_hal_dcmi_ex.o
 .debug_abbrev  0x00000000000019da      0x259 ./Drivers/STM32F4xx_HAL_Driver/Src/stm32f4xx_hal_dma.o
 .debug_abbrev  0x0000000000001c33      0x1d4 ./Drivers/STM32F4xx_HAL_Driver/Src/stm32f4xx_hal_dma_ex.o
 .debug_abbrev  0x0000000000001e07      0x1f1 ./Drivers/STM32F4xx_HAL_Driver/Src/stm32f4xx_hal_gpio.o
 .debug_abbrev  0x0000000000001ff8      0x282 ./Drivers/STM32F4xx_HAL_Driver/Src/stm32f4xx_hal_i2c.o
 .debug_abbrev  0x000000000000227a      0x275 ./Drivers/STM32F4xx_HAL_Driver/Src/stm32f4xx_hal_rcc.o
 .debug_abbrev  0x00000000000024ef      0x1f4 ./Drivers/STM32F4xx_HAL_Driver/Src/stm32f4xx_hal_sram.o
 .debug_abbrev  0x00000000000026e3      0x25e ./Drivers/STM32F4xx_HAL_Driver/Src/stm32f4xx_hal_tim.o
 .debug_abbrev  0x0000000000002941      0x266 ./Drivers/STM32F4xx_HAL_Driver/Src/stm32f4xx_hal_tim_ex.o
 .debug_abbrev  0x0000000000002ba7      0x1ae ./Drivers/STM32F4xx_HAL_Driver/Src/stm32f4xx_ll_fsmc.o

.debug_aranges  0x0000000000000000     0x1070
 .debug_aranges
                0x0000000000000000       0x68 ./Core/Src/Image_processing.o
 .debug_aranges
                0x0000000000000068       0x60 ./Core/Src/lcdIli9341.o
 .debug_aranges
                0x00000000000000c8       0x78 ./Core/Src/main.o
 .debug_aranges
                0x0000000000000140       0x68 ./Core/Src/ov7670.o
 .debug_aranges
                0x00000000000001a8       0x60 ./Core/Src/stm32f4xx_hal_msp.o
 .debug_aranges
                0x0000000000000208       0x30 ./Core/Src/stm32f4xx_hal_timebase_tim.o
 .debug_aranges
                0x0000000000000238       0x38 ./Core/Src/stm32f4xx_it.o
 .debug_aranges
                0x0000000000000270       0x28 ./Core/Src/system_stm32f4xx.o
 .debug_aranges
                0x0000000000000298       0x28 ./Core/Startup/startup_stm32f407vgtx.o
 .debug_aranges
                0x00000000000002c0       0xf0 ./Drivers/STM32F4xx_HAL_Driver/Src/stm32f4xx_hal.o
 .debug_aranges
                0x00000000000003b0      0x118 ./Drivers/STM32F4xx_HAL_Driver/Src/stm32f4xx_hal_cortex.o
 .debug_aranges
                0x00000000000004c8       0xc0 ./Drivers/STM32F4xx_HAL_Driver/Src/stm32f4xx_hal_dcmi.o
 .debug_aranges
                0x0000000000000588       0x20 ./Drivers/STM32F4xx_HAL_Driver/Src/stm32f4xx_hal_dcmi_ex.o
 .debug_aranges
                0x00000000000005a8       0x90 ./Drivers/STM32F4xx_HAL_Driver/Src/stm32f4xx_hal_dma.o
 .debug_aranges
                0x0000000000000638       0x38 ./Drivers/STM32F4xx_HAL_Driver/Src/stm32f4xx_hal_dma_ex.o
 .debug_aranges
                0x0000000000000670       0x58 ./Drivers/STM32F4xx_HAL_Driver/Src/stm32f4xx_hal_gpio.o
 .debug_aranges
                0x00000000000006c8      0x2a0 ./Drivers/STM32F4xx_HAL_Driver/Src/stm32f4xx_hal_i2c.o
 .debug_aranges
                0x0000000000000968       0x88 ./Drivers/STM32F4xx_HAL_Driver/Src/stm32f4xx_hal_rcc.o
 .debug_aranges
                0x00000000000009f0       0xa0 ./Drivers/STM32F4xx_HAL_Driver/Src/stm32f4xx_hal_sram.o
 .debug_aranges
                0x0000000000000a90      0x3d0 ./Drivers/STM32F4xx_HAL_Driver/Src/stm32f4xx_hal_tim.o
 .debug_aranges
                0x0000000000000e60      0x168 ./Drivers/STM32F4xx_HAL_Driver/Src/stm32f4xx_hal_tim_ex.o
 .debug_aranges
                0x0000000000000fc8       0xa8 ./Drivers/STM32F4xx_HAL_Driver/Src/stm32f4xx_ll_fsmc.o

.debug_ranges   0x0000000000000000      0xfa0
 .debug_ranges  0x0000000000000000       0xb8 ./Core/Src/Image_processing.o
 .debug_ranges  0x00000000000000b8       0x50 ./Core/Src/lcdIli9341.o
 .debug_ranges  0x0000000000000108       0x68 ./Core/Src/main.o
 .debug_ranges  0x0000000000000170       0x58 ./Core/Src/ov7670.o
 .debug_ranges  0x00000000000001c8       0x50 ./Core/Src/stm32f4xx_hal_msp.o
 .debug_ranges  0x0000000000000218       0x20 ./Core/Src/stm32f4xx_hal_timebase_tim.o
 .debug_ranges  0x0000000000000238       0x28 ./Core/Src/stm32f4xx_it.o
 .debug_ranges  0x0000000000000260       0x18 ./Core/Src/system_stm32f4xx.o
 .debug_ranges  0x0000000000000278       0x20 ./Core/Startup/startup_stm32f407vgtx.o
 .debug_ranges  0x0000000000000298       0xe0 ./Drivers/STM32F4xx_HAL_Driver/Src/stm32f4xx_hal.o
 .debug_ranges  0x0000000000000378      0x108 ./Drivers/STM32F4xx_HAL_Driver/Src/stm32f4xx_hal_cortex.o
 .debug_ranges  0x0000000000000480       0xb0 ./Drivers/STM32F4xx_HAL_Driver/Src/stm32f4xx_hal_dcmi.o
 .debug_ranges  0x0000000000000530       0x10 ./Drivers/STM32F4xx_HAL_Driver/Src/stm32f4xx_hal_dcmi_ex.o
 .debug_ranges  0x0000000000000540       0x80 ./Drivers/STM32F4xx_HAL_Driver/Src/stm32f4xx_hal_dma.o
 .debug_ranges  0x00000000000005c0       0x28 ./Drivers/STM32F4xx_HAL_Driver/Src/stm32f4xx_hal_dma_ex.o
 .debug_ranges  0x00000000000005e8       0x48 ./Drivers/STM32F4xx_HAL_Driver/Src/stm32f4xx_hal_gpio.o
 .debug_ranges  0x0000000000000630      0x2b8 ./Drivers/STM32F4xx_HAL_Driver/Src/stm32f4xx_hal_i2c.o
 .debug_ranges  0x00000000000008e8       0x78 ./Drivers/STM32F4xx_HAL_Driver/Src/stm32f4xx_hal_rcc.o
 .debug_ranges  0x0000000000000960       0x90 ./Drivers/STM32F4xx_HAL_Driver/Src/stm32f4xx_hal_sram.o
 .debug_ranges  0x00000000000009f0      0x3c0 ./Drivers/STM32F4xx_HAL_Driver/Src/stm32f4xx_hal_tim.o
 .debug_ranges  0x0000000000000db0      0x158 ./Drivers/STM32F4xx_HAL_Driver/Src/stm32f4xx_hal_tim_ex.o
 .debug_ranges  0x0000000000000f08       0x98 ./Drivers/STM32F4xx_HAL_Driver/Src/stm32f4xx_ll_fsmc.o

.debug_macro    0x0000000000000000    0x232f9
 .debug_macro   0x0000000000000000      0x38c ./Core/Src/Image_processing.o
 .debug_macro   0x000000000000038c      0xaa8 ./Core/Src/Image_processing.o
 .debug_macro   0x0000000000000e34       0x22 ./Core/Src/Image_processing.o
 .debug_macro   0x0000000000000e56       0x4c ./Core/Src/Image_processing.o
 .debug_macro   0x0000000000000ea2       0x18 ./Core/Src/Image_processing.o
 .debug_macro   0x0000000000000eba       0x94 ./Core/Src/Image_processing.o
 .debug_macro   0x0000000000000f4e       0x3c ./Core/Src/Image_processing.o
 .debug_macro   0x0000000000000f8a       0x34 ./Core/Src/Image_processing.o
 .debug_macro   0x0000000000000fbe       0x16 ./Core/Src/Image_processing.o
 .debug_macro   0x0000000000000fd4       0x57 ./Core/Src/Image_processing.o
 .debug_macro   0x000000000000102b       0x97 ./Core/Src/Image_processing.o
 .debug_macro   0x00000000000010c2      0x339 ./Core/Src/Image_processing.o
 .debug_macro   0x00000000000013fb       0xfd ./Core/Src/Image_processing.o
 .debug_macro   0x00000000000014f8       0x10 ./Core/Src/Image_processing.o
 .debug_macro   0x0000000000001508       0x16 ./Core/Src/Image_processing.o
 .debug_macro   0x000000000000151e       0x43 ./Core/Src/Image_processing.o
 .debug_macro   0x0000000000001561       0x34 ./Core/Src/Image_processing.o
 .debug_macro   0x0000000000001595       0x10 ./Core/Src/Image_processing.o
 .debug_macro   0x00000000000015a5       0x58 ./Core/Src/Image_processing.o
 .debug_macro   0x00000000000015fd       0x71 ./Core/Src/Image_processing.o
 .debug_macro   0x000000000000166e       0x1c ./Core/Src/Image_processing.o
 .debug_macro   0x000000000000168a      0x12a ./Core/Src/Image_processing.o
 .debug_macro   0x00000000000017b4       0x10 ./Core/Src/Image_processing.o
 .debug_macro   0x00000000000017c4       0x6a ./Core/Src/Image_processing.o
 .debug_macro   0x000000000000182e       0x1c ./Core/Src/Image_processing.o
 .debug_macro   0x000000000000184a       0x52 ./Core/Src/Image_processing.o
 .debug_macro   0x000000000000189c       0x22 ./Core/Src/Image_processing.o
 .debug_macro   0x00000000000018be       0x10 ./Core/Src/Image_processing.o
 .debug_macro   0x00000000000018ce       0x40 ./Core/Src/Image_processing.o
 .debug_macro   0x000000000000190e       0xd5 ./Core/Src/Image_processing.o
 .debug_macro   0x00000000000019e3       0x1c ./Core/Src/Image_processing.o
 .debug_macro   0x00000000000019ff       0x3d ./Core/Src/Image_processing.o
 .debug_macro   0x0000000000001a3c       0x16 ./Core/Src/Image_processing.o
 .debug_macro   0x0000000000001a52      0x145 ./Core/Src/Image_processing.o
 .debug_macro   0x0000000000001b97      0x2a7 ./Core/Src/Image_processing.o
 .debug_macro   0x0000000000001e3e       0x2e ./Core/Src/Image_processing.o
 .debug_macro   0x0000000000001e6c       0x2f ./Core/Src/Image_processing.o
 .debug_macro   0x0000000000001e9b      0x103 ./Core/Src/Image_processing.o
 .debug_macro   0x0000000000001f9e      0x1df ./Core/Src/Image_processing.o
 .debug_macro   0x000000000000217d       0x1c ./Core/Src/Image_processing.o
 .debug_macro   0x0000000000002199       0x22 ./Core/Src/Image_processing.o
 .debug_macro   0x00000000000021bb       0xd9 ./Core/Src/Image_processing.o
 .debug_macro   0x0000000000002294     0x102d ./Core/Src/Image_processing.o
 .debug_macro   0x00000000000032c1      0x11f ./Core/Src/Image_processing.o
 .debug_macro   0x00000000000033e0    0x15e58 ./Core/Src/Image_processing.o
 .debug_macro   0x0000000000019238       0x6d ./Core/Src/Image_processing.o
 .debug_macro   0x00000000000192a5     0x3666 ./Core/Src/Image_processing.o
 .debug_macro   0x000000000001c90b       0x56 ./Core/Src/Image_processing.o
 .debug_macro   0x000000000001c961      0x96b ./Core/Src/Image_processing.o
 .debug_macro   0x000000000001d2cc      0x9fe ./Core/Src/Image_processing.o
 .debug_macro   0x000000000001dcca      0x116 ./Core/Src/Image_processing.o
 .debug_macro   0x000000000001dde0      0x13e ./Core/Src/Image_processing.o
 .debug_macro   0x000000000001df1e       0xa5 ./Core/Src/Image_processing.o
 .debug_macro   0x000000000001dfc3      0x174 ./Core/Src/Image_processing.o
 .debug_macro   0x000000000001e137      0x287 ./Core/Src/Image_processing.o
 .debug_macro   0x000000000001e3be       0x5f ./Core/Src/Image_processing.o
 .debug_macro   0x000000000001e41d      0x236 ./Core/Src/Image_processing.o
 .debug_macro   0x000000000001e653       0x1f ./Core/Src/Image_processing.o
 .debug_macro   0x000000000001e672      0x1d2 ./Core/Src/Image_processing.o
 .debug_macro   0x000000000001e844      0x12c ./Core/Src/Image_processing.o
 .debug_macro   0x000000000001e970      0x21e ./Core/Src/Image_processing.o
 .debug_macro   0x000000000001eb8e       0x2e ./Core/Src/Image_processing.o
 .debug_macro   0x000000000001ebbc      0x543 ./Core/Src/Image_processing.o
 .debug_macro   0x000000000001f0ff      0x1b5 ./Core/Src/Image_processing.o
 .debug_macro   0x000000000001f2b4       0xd6 ./Core/Src/Image_processing.o
 .debug_macro   0x000000000001f38a      0x11a ./Core/Src/Image_processing.o
 .debug_macro   0x000000000001f4a4       0x7e ./Core/Src/Image_processing.o
 .debug_macro   0x000000000001f522       0x89 ./Core/Src/Image_processing.o
 .debug_macro   0x000000000001f5ab      0x8d1 ./Core/Src/Image_processing.o
 .debug_macro   0x000000000001fe7c       0x47 ./Core/Src/Image_processing.o
 .debug_macro   0x000000000001fec3      0x12d ./Core/Src/Image_processing.o
 .debug_macro   0x000000000001fff0      0x124 ./Core/Src/Image_processing.o
 .debug_macro   0x0000000000020114       0x28 ./Core/Src/Image_processing.o
 .debug_macro   0x000000000002013c       0x1c ./Core/Src/Image_processing.o
 .debug_macro   0x0000000000020158      0x3aa ./Core/Src/lcdIli9341.o
 .debug_macro   0x0000000000020502      0x247 ./Core/Src/main.o
 .debug_macro   0x0000000000020749       0x8e ./Core/Src/main.o
 .debug_macro   0x00000000000207d7       0x51 ./Core/Src/main.o
 .debug_macro   0x0000000000020828       0xdf ./Core/Src/main.o
 .debug_macro   0x0000000000020907      0x174 ./Core/Src/main.o
 .debug_macro   0x0000000000020a7b       0x5c ./Core/Src/main.o
 .debug_macro   0x0000000000020ad7       0x22 ./Core/Src/main.o
 .debug_macro   0x0000000000020af9      0x3a1 ./Core/Src/ov7670.o
 .debug_macro   0x0000000000020e9a       0x10 ./Core/Src/ov7670.o
 .debug_macro   0x0000000000020eaa       0x10 ./Core/Src/ov7670.o
 .debug_macro   0x0000000000020eba      0x221 ./Core/Src/stm32f4xx_hal_msp.o
 .debug_macro   0x00000000000210db      0x212 ./Core/Src/stm32f4xx_hal_timebase_tim.o
 .debug_macro   0x00000000000212ed      0x22b ./Core/Src/stm32f4xx_it.o
 .debug_macro   0x0000000000021518      0x218 ./Core/Src/system_stm32f4xx.o
 .debug_macro   0x0000000000021730      0x272 ./Drivers/STM32F4xx_HAL_Driver/Src/stm32f4xx_hal.o
 .debug_macro   0x00000000000219a2      0x212 ./Drivers/STM32F4xx_HAL_Driver/Src/stm32f4xx_hal_cortex.o
 .debug_macro   0x0000000000021bb4      0x219 ./Drivers/STM32F4xx_HAL_Driver/Src/stm32f4xx_hal_dcmi.o
 .debug_macro   0x0000000000021dcd      0x212 ./Drivers/STM32F4xx_HAL_Driver/Src/stm32f4xx_hal_dcmi_ex.o
 .debug_macro   0x0000000000021fdf      0x218 ./Drivers/STM32F4xx_HAL_Driver/Src/stm32f4xx_hal_dma.o
 .debug_macro   0x00000000000221f7      0x212 ./Drivers/STM32F4xx_HAL_Driver/Src/stm32f4xx_hal_dma_ex.o
 .debug_macro   0x0000000000022409      0x218 ./Drivers/STM32F4xx_HAL_Driver/Src/stm32f4xx_hal_gpio.o
 .debug_macro   0x0000000000022621      0x259 ./Drivers/STM32F4xx_HAL_Driver/Src/stm32f4xx_hal_i2c.o
 .debug_macro   0x000000000002287a      0x236 ./Drivers/STM32F4xx_HAL_Driver/Src/stm32f4xx_hal_rcc.o
 .debug_macro   0x0000000000022ab0      0x212 ./Drivers/STM32F4xx_HAL_Driver/Src/stm32f4xx_hal_sram.o
 .debug_macro   0x0000000000022cc2      0x213 ./Drivers/STM32F4xx_HAL_Driver/Src/stm32f4xx_hal_tim.o
 .debug_macro   0x0000000000022ed5      0x212 ./Drivers/STM32F4xx_HAL_Driver/Src/stm32f4xx_hal_tim_ex.o
 .debug_macro   0x00000000000230e7      0x212 ./Drivers/STM32F4xx_HAL_Driver/Src/stm32f4xx_ll_fsmc.o

.debug_line     0x0000000000000000    0x15ba4
 .debug_line    0x0000000000000000      0xe48 ./Core/Src/Image_processing.o
 .debug_line    0x0000000000000e48      0xa9d ./Core/Src/lcdIli9341.o
 .debug_line    0x00000000000018e5      0xb55 ./Core/Src/main.o
 .debug_line    0x000000000000243a      0xa98 ./Core/Src/ov7670.o
 .debug_line    0x0000000000002ed2      0x8d9 ./Core/Src/stm32f4xx_hal_msp.o
 .debug_line    0x00000000000037ab      0x7a1 ./Core/Src/stm32f4xx_hal_timebase_tim.o
 .debug_line    0x0000000000003f4c      0x791 ./Core/Src/stm32f4xx_it.o
 .debug_line    0x00000000000046dd      0x7e4 ./Core/Src/system_stm32f4xx.o
 .debug_line    0x0000000000004ec1       0x86 ./Core/Startup/startup_stm32f407vgtx.o
 .debug_line    0x0000000000004f47      0xa29 ./Drivers/STM32F4xx_HAL_Driver/Src/stm32f4xx_hal.o
 .debug_line    0x0000000000005970      0xcd8 ./Drivers/STM32F4xx_HAL_Driver/Src/stm32f4xx_hal_cortex.o
 .debug_line    0x0000000000006648      0xe29 ./Drivers/STM32F4xx_HAL_Driver/Src/stm32f4xx_hal_dcmi.o
 .debug_line    0x0000000000007471      0x7e4 ./Drivers/STM32F4xx_HAL_Driver/Src/stm32f4xx_hal_dcmi_ex.o
 .debug_line    0x0000000000007c55      0xf8e ./Drivers/STM32F4xx_HAL_Driver/Src/stm32f4xx_hal_dma.o
 .debug_line    0x0000000000008be3     0x13bc ./Drivers/STM32F4xx_HAL_Driver/Src/stm32f4xx_hal_dma_ex.o
 .debug_line    0x0000000000009f9f      0xb9f ./Drivers/STM32F4xx_HAL_Driver/Src/stm32f4xx_hal_gpio.o
 .debug_line    0x000000000000ab3e     0x39d5 ./Drivers/STM32F4xx_HAL_Driver/Src/stm32f4xx_hal_i2c.o
 .debug_line    0x000000000000e513      0xda5 ./Drivers/STM32F4xx_HAL_Driver/Src/stm32f4xx_hal_rcc.o
 .debug_line    0x000000000000f2b8      0xbcb ./Drivers/STM32F4xx_HAL_Driver/Src/stm32f4xx_hal_sram.o
 .debug_line    0x000000000000fe83     0x371d ./Drivers/STM32F4xx_HAL_Driver/Src/stm32f4xx_hal_tim.o
 .debug_line    0x00000000000135a0     0x1a26 ./Drivers/STM32F4xx_HAL_Driver/Src/stm32f4xx_hal_tim_ex.o
 .debug_line    0x0000000000014fc6      0xbde ./Drivers/STM32F4xx_HAL_Driver/Src/stm32f4xx_ll_fsmc.o

.debug_str      0x0000000000000000    0xd024e
 .debug_str     0x0000000000000000    0xcb4eb ./Core/Src/Image_processing.o
                                      0xcb805 (size before relaxing)
 .debug_str     0x00000000000cb4eb      0x21a ./Core/Src/lcdIli9341.o
                                      0xcb8f5 (size before relaxing)
 .debug_str     0x00000000000cb705     0x1317 ./Core/Src/main.o
                                      0xc8b00 (size before relaxing)
 .debug_str     0x00000000000cca1c      0x1d5 ./Core/Src/ov7670.o
                                      0xcbf86 (size before relaxing)
 .debug_str     0x00000000000ccbf1       0xe4 ./Core/Src/stm32f4xx_hal_msp.o
                                      0xc8508 (size before relaxing)
 .debug_str     0x00000000000cccd5       0x98 ./Core/Src/stm32f4xx_hal_timebase_tim.o
                                      0xc7c8b (size before relaxing)
 .debug_str     0x00000000000ccd6d       0x69 ./Core/Src/stm32f4xx_it.o
                                      0xc7cbc (size before relaxing)
 .debug_str     0x00000000000ccdd6       0xc4 ./Core/Src/system_stm32f4xx.o
                                      0xc7213 (size before relaxing)
 .debug_str     0x00000000000cce9a       0x36 ./Core/Startup/startup_stm32f407vgtx.o
                                         0x72 (size before relaxing)
 .debug_str     0x00000000000cced0      0x542 ./Drivers/STM32F4xx_HAL_Driver/Src/stm32f4xx_hal.o
                                      0xc7ce0 (size before relaxing)
 .debug_str     0x00000000000cd412      0x392 ./Drivers/STM32F4xx_HAL_Driver/Src/stm32f4xx_hal_cortex.o
                                      0xc7acf (size before relaxing)
 .debug_str     0x00000000000cd7a4      0x1f2 ./Drivers/STM32F4xx_HAL_Driver/Src/stm32f4xx_hal_dcmi.o
                                      0xc7774 (size before relaxing)
 .debug_str     0x00000000000cd996       0x3c ./Drivers/STM32F4xx_HAL_Driver/Src/stm32f4xx_hal_dcmi_ex.o
                                      0xc750f (size before relaxing)
 .debug_str     0x00000000000cd9d2      0x318 ./Drivers/STM32F4xx_HAL_Driver/Src/stm32f4xx_hal_dma.o
                                      0xc7628 (size before relaxing)
 .debug_str     0x00000000000cdcea       0xe3 ./Drivers/STM32F4xx_HAL_Driver/Src/stm32f4xx_hal_dma_ex.o
                                      0xc7410 (size before relaxing)
 .debug_str     0x00000000000cddcd      0x15f ./Drivers/STM32F4xx_HAL_Driver/Src/stm32f4xx_hal_gpio.o
                                      0xc73a5 (size before relaxing)
 .debug_str     0x00000000000cdf2c      0xaad ./Drivers/STM32F4xx_HAL_Driver/Src/stm32f4xx_hal_i2c.o
                                      0xc8180 (size before relaxing)
 .debug_str     0x00000000000ce9d9      0x244 ./Drivers/STM32F4xx_HAL_Driver/Src/stm32f4xx_hal_rcc.o
                                      0xc7600 (size before relaxing)
 .debug_str     0x00000000000cec1d      0x1b8 ./Drivers/STM32F4xx_HAL_Driver/Src/stm32f4xx_hal_sram.o
                                      0xc7718 (size before relaxing)
 .debug_str     0x00000000000cedd5      0xe3c ./Drivers/STM32F4xx_HAL_Driver/Src/stm32f4xx_hal_tim.o
                                      0xc852d (size before relaxing)
 .debug_str     0x00000000000cfc11      0x538 ./Drivers/STM32F4xx_HAL_Driver/Src/stm32f4xx_hal_tim_ex.o
                                      0xc7cde (size before relaxing)
 .debug_str     0x00000000000d0149      0x105 ./Drivers/STM32F4xx_HAL_Driver/Src/stm32f4xx_ll_fsmc.o
                                      0xc75df (size before relaxing)

.comment        0x0000000000000000       0x53
 .comment       0x0000000000000000       0x53 ./Core/Src/Image_processing.o
                                         0x54 (size before relaxing)
 .comment       0x0000000000000053       0x54 ./Core/Src/lcdIli9341.o
 .comment       0x0000000000000053       0x54 ./Core/Src/main.o
 .comment       0x0000000000000053       0x54 ./Core/Src/ov7670.o
 .comment       0x0000000000000053       0x54 ./Core/Src/stm32f4xx_hal_msp.o
 .comment       0x0000000000000053       0x54 ./Core/Src/stm32f4xx_hal_timebase_tim.o
 .comment       0x0000000000000053       0x54 ./Core/Src/stm32f4xx_it.o
 .comment       0x0000000000000053       0x54 ./Core/Src/system_stm32f4xx.o
 .comment       0x0000000000000053       0x54 ./Drivers/STM32F4xx_HAL_Driver/Src/stm32f4xx_hal.o
 .comment       0x0000000000000053       0x54 ./Drivers/STM32F4xx_HAL_Driver/Src/stm32f4xx_hal_cortex.o
 .comment       0x0000000000000053       0x54 ./Drivers/STM32F4xx_HAL_Driver/Src/stm32f4xx_hal_dcmi.o
 .comment       0x0000000000000053       0x54 ./Drivers/STM32F4xx_HAL_Driver/Src/stm32f4xx_hal_dcmi_ex.o
 .comment       0x0000000000000053       0x54 ./Drivers/STM32F4xx_HAL_Driver/Src/stm32f4xx_hal_dma.o
 .comment       0x0000000000000053       0x54 ./Drivers/STM32F4xx_HAL_Driver/Src/stm32f4xx_hal_dma_ex.o
 .comment       0x0000000000000053       0x54 ./Drivers/STM32F4xx_HAL_Driver/Src/stm32f4xx_hal_gpio.o
 .comment       0x0000000000000053       0x54 ./Drivers/STM32F4xx_HAL_Driver/Src/stm32f4xx_hal_i2c.o
 .comment       0x0000000000000053       0x54 ./Drivers/STM32F4xx_HAL_Driver/Src/stm32f4xx_hal_rcc.o
 .comment       0x0000000000000053       0x54 ./Drivers/STM32F4xx_HAL_Driver/Src/stm32f4xx_hal_sram.o
 .comment       0x0000000000000053       0x54 ./Drivers/STM32F4xx_HAL_Driver/Src/stm32f4xx_hal_tim.o
 .comment       0x0000000000000053       0x54 ./Drivers/STM32F4xx_HAL_Driver/Src/stm32f4xx_hal_tim_ex.o
 .comment       0x0000000000000053       0x54 ./Drivers/STM32F4xx_HAL_Driver/Src/stm32f4xx_ll_fsmc.o

.debug_frame    0x0000000000000000     0x44c4
 .debug_frame   0x0000000000000000      0x17c ./Core/Src/Image_processing.o
 .debug_frame   0x000000000000017c      0x160 ./Core/Src/lcdIli9341.o
 .debug_frame   0x00000000000002dc      0x1a4 ./Core/Src/main.o
 .debug_frame   0x0000000000000480      0x170 ./Core/Src/ov7670.o
 .debug_frame   0x00000000000005f0      0x14c ./Core/Src/stm32f4xx_hal_msp.o
 .debug_frame   0x000000000000073c       0x74 ./Core/Src/stm32f4xx_hal_timebase_tim.o
 .debug_frame   0x00000000000007b0       0x84 ./Core/Src/stm32f4xx_it.o
 .debug_frame   0x0000000000000834       0x58 ./Core/Src/system_stm32f4xx.o
 .debug_frame   0x000000000000088c      0x374 ./Drivers/STM32F4xx_HAL_Driver/Src/stm32f4xx_hal.o
 .debug_frame   0x0000000000000c00      0x498 ./Drivers/STM32F4xx_HAL_Driver/Src/stm32f4xx_hal_cortex.o
 .debug_frame   0x0000000000001098      0x340 ./Drivers/STM32F4xx_HAL_Driver/Src/stm32f4xx_hal_dcmi.o
 .debug_frame   0x00000000000013d8       0x34 ./Drivers/STM32F4xx_HAL_Driver/Src/stm32f4xx_hal_dcmi_ex.o
 .debug_frame   0x000000000000140c      0x250 ./Drivers/STM32F4xx_HAL_Driver/Src/stm32f4xx_hal_dma.o
 .debug_frame   0x000000000000165c       0xac ./Drivers/STM32F4xx_HAL_Driver/Src/stm32f4xx_hal_dma_ex.o
 .debug_frame   0x0000000000001708      0x14c ./Drivers/STM32F4xx_HAL_Driver/Src/stm32f4xx_hal_gpio.o
 .debug_frame   0x0000000000001854      0xc5c ./Drivers/STM32F4xx_HAL_Driver/Src/stm32f4xx_hal_i2c.o
 .debug_frame   0x00000000000024b0      0x1f0 ./Drivers/STM32F4xx_HAL_Driver/Src/stm32f4xx_hal_rcc.o
 .debug_frame   0x00000000000026a0      0x2a0 ./Drivers/STM32F4xx_HAL_Driver/Src/stm32f4xx_hal_sram.o
 .debug_frame   0x0000000000002940     0x11c4 ./Drivers/STM32F4xx_HAL_Driver/Src/stm32f4xx_hal_tim.o
 .debug_frame   0x0000000000003b04      0x638 ./Drivers/STM32F4xx_HAL_Driver/Src/stm32f4xx_hal_tim_ex.o
 .debug_frame   0x000000000000413c      0x2dc ./Drivers/STM32F4xx_HAL_Driver/Src/stm32f4xx_ll_fsmc.o
 .debug_frame   0x0000000000004418       0x2c c:/st/stm32cubeide_1.7.0/stm32cubeide/plugins/com.st.stm32cube.ide.mcu.externaltools.gnu-tools-for-stm32.9-2020-q2-update.win32_2.0.0.202105311346/tools/bin/../lib/gcc/arm-none-eabi/9.3.1/../../../../arm-none-eabi/lib/thumb/v7e-m+fp/hard\libc_nano.a(lib_a-init.o)
 .debug_frame   0x0000000000004444       0x20 c:/st/stm32cubeide_1.7.0/stm32cubeide/plugins/com.st.stm32cube.ide.mcu.externaltools.gnu-tools-for-stm32.9-2020-q2-update.win32_2.0.0.202105311346/tools/bin/../lib/gcc/arm-none-eabi/9.3.1/../../../../arm-none-eabi/lib/thumb/v7e-m+fp/hard\libc_nano.a(lib_a-memset.o)
 .debug_frame   0x0000000000004464       0x2c c:/st/stm32cubeide_1.7.0/stm32cubeide/plugins/com.st.stm32cube.ide.mcu.externaltools.gnu-tools-for-stm32.9-2020-q2-update.win32_2.0.0.202105311346/tools/bin/../lib/gcc/arm-none-eabi/9.3.1/thumb/v7e-m+fp/hard\libgcc.a(_aeabi_uldivmod.o)
 .debug_frame   0x0000000000004490       0x34 c:/st/stm32cubeide_1.7.0/stm32cubeide/plugins/com.st.stm32cube.ide.mcu.externaltools.gnu-tools-for-stm32.9-2020-q2-update.win32_2.0.0.202105311346/tools/bin/../lib/gcc/arm-none-eabi/9.3.1/thumb/v7e-m+fp/hard\libgcc.a(_udivmoddi4.o)
